INFO:root:2019-12-10
INFO:root:2019-12-10
INFO:root:antm-20181231.xml,  <us-gaap:netincomeloss contextref="FD2016Q4YTD_dei_LegalEntityAxis_antm_CaliforniaDepartmentOfManagedHealthCareRegulatedEntitiesMember" decimals="-6" id="Fact-A288930BFF2A554B94528A8207CB66EB" unitref="usd">775000000</us-gaap:netincomeloss>
INFO:root:antm-20181231.xml,  <us-gaap:netincomeloss contextref="FD2016Q4YTD_us-gaap_ConsolidatedEntitiesAxis_us-gaap_ParentCompanyMember" decimals="-6" id="Fact-991C3134F87C572BB674F79B578A0780" unitref="usd">2470000000</us-gaap:netincomeloss>
INFO:root:antm-20181231.xml,  <us-gaap:netincomeloss contextref="FD2016Q4YTD_us-gaap_StatementEquityComponentsAxis_us-gaap_RetainedEarningsMember" decimals="-6" id="Fact-C5F1E49DDE995930ACAF40844126608A" unitref="usd">2470000000</us-gaap:netincomeloss>
INFO:root:antm-20181231.xml,  <us-gaap:netincomeloss contextref="FD2017Q4YTD_dei_LegalEntityAxis_antm_CaliforniaDepartmentOfManagedHealthCareRegulatedEntitiesMember" decimals="-6" id="Fact-44F73B2B919059B8B42E48411A59B18D" unitref="usd">1047000000</us-gaap:netincomeloss>
INFO:root:antm-20181231.xml,  <us-gaap:netincomeloss contextref="FD2017Q4YTD_us-gaap_ConsolidatedEntitiesAxis_us-gaap_ParentCompanyMember" decimals="-6" id="Fact-C53F59F357505216BC6D93C63D079699" unitref="usd">3843000000</us-gaap:netincomeloss>
INFO:root:antm-20181231.xml,  <us-gaap:netincomeloss contextref="FD2017Q4YTD_us-gaap_StatementEquityComponentsAxis_us-gaap_RetainedEarningsMember" decimals="-6" id="Fact-EABC7B716E1251958064F83582FB7D4D" unitref="usd">3843000000</us-gaap:netincomeloss>
INFO:root:antm-20181231.xml,  <us-gaap:netincomeloss contextref="FD2018Q4YTD_dei_LegalEntityAxis_antm_CaliforniaDepartmentOfManagedHealthCareRegulatedEntitiesMember" decimals="-6" id="Fact-2998279C29905428A2812426205E5AFC" unitref="usd">789000000</us-gaap:netincomeloss>
INFO:root:antm-20181231.xml,  <us-gaap:netincomeloss contextref="FD2018Q4YTD_us-gaap_ConsolidatedEntitiesAxis_us-gaap_ParentCompanyMember" decimals="-6" id="Fact-DC9ECDF89E02542CAAB911F670122E1A" unitref="usd">3750000000</us-gaap:netincomeloss>
INFO:root:antm-20181231.xml,  <us-gaap:netincomeloss contextref="FD2018Q4YTD_us-gaap_StatementEquityComponentsAxis_us-gaap_RetainedEarningsMember" decimals="-6" id="Fact-25A34A55787851BBAF07BA093DD364CD" unitref="usd">3750000000</us-gaap:netincomeloss>
INFO:root:antm-20181231.xml,  <us-gaap:revenues contextref="FD2016Q4YTD_us-gaap_ConsolidatedEntitiesAxis_us-gaap_ParentCompanyMember" decimals="-6" id="Fact-3A66AA5F10B45FC19DCE5B209231A400" unitref="usd">-168000000</us-gaap:revenues>
INFO:root:antm-20181231.xml,  <us-gaap:revenues contextref="FD2017Q4YTD_us-gaap_ConsolidatedEntitiesAxis_us-gaap_ParentCompanyMember" decimals="-6" id="Fact-DD99FD7BEE3759C2B0BF4F39AF82EF1B" unitref="usd">39000000</us-gaap:revenues>
INFO:root:antm-20181231.xml,  <us-gaap:revenues contextref="FD2018Q4YTD_us-gaap_ConsolidatedEntitiesAxis_us-gaap_ParentCompanyMember" decimals="-6" id="Fact-9836737162B3584D9C3F06A471805193" unitref="usd">-20000000</us-gaap:revenues>
INFO:root:antm-20171231.xml,  <us-gaap:netincomeloss contextref="FD2015Q4YTD_dei_LegalEntityAxis_antm_CaliforniaDepartmentOfManagedHealthCareRegulatedEntitiesMember" decimals="-5" id="Fact-AB60A7F1CD7B5304AED7E19E4E0E7B18" unitref="usd">477500000</us-gaap:netincomeloss>
INFO:root:antm-20171231.xml,  <us-gaap:netincomeloss contextref="FD2015Q4YTD_us-gaap_ConsolidatedEntitiesAxis_us-gaap_ParentCompanyMember" decimals="-5" id="Fact-FBA5B8742B995EB89A0A3B1FA5BF0340" unitref="usd">2560000000</us-gaap:netincomeloss>
INFO:root:antm-20171231.xml,  <us-gaap:netincomeloss contextref="FD2015Q4YTD_us-gaap_StatementEquityComponentsAxis_us-gaap_RetainedEarningsMember" decimals="-5" id="Fact-3BF3DAC45D5A5997BDF119F86D4A73F8" unitref="usd">2560000000</us-gaap:netincomeloss>
INFO:root:antm-20171231.xml,  <us-gaap:netincomeloss contextref="FD2016Q4YTD_dei_LegalEntityAxis_antm_CaliforniaDepartmentOfManagedHealthCareRegulatedEntitiesMember" decimals="-5" id="Fact-5AAA37F13D22576DB9D8820A43A39662" unitref="usd">774500000</us-gaap:netincomeloss>
INFO:root:antm-20171231.xml,  <us-gaap:netincomeloss contextref="FD2016Q4YTD_us-gaap_ConsolidatedEntitiesAxis_us-gaap_ParentCompanyMember" decimals="-5" id="Fact-667A3452AB4E53318982991959B64638" unitref="usd">2469800000</us-gaap:netincomeloss>
INFO:root:antm-20171231.xml,  <us-gaap:netincomeloss contextref="FD2016Q4YTD_us-gaap_StatementEquityComponentsAxis_us-gaap_RetainedEarningsMember" decimals="-5" id="Fact-B0393BEF51FDD5C0D7FF7B1FF209A70E" unitref="usd">2469800000</us-gaap:netincomeloss>
INFO:root:antm-20171231.xml,  <us-gaap:netincomeloss contextref="FD2017Q4YTD_dei_LegalEntityAxis_antm_CaliforniaDepartmentOfManagedHealthCareRegulatedEntitiesMember" decimals="-5" id="Fact-8AB20FC1E09553BE8E4C4684836FF066" unitref="usd">1046600000</us-gaap:netincomeloss>
INFO:root:antm-20171231.xml,  <us-gaap:netincomeloss contextref="FD2017Q4YTD_us-gaap_ConsolidatedEntitiesAxis_us-gaap_ParentCompanyMember" decimals="-5" id="Fact-B59EEE694897595BA19EED321BAF5A87" unitref="usd">3842800000</us-gaap:netincomeloss>
INFO:root:antm-20171231.xml,  <us-gaap:revenues contextref="FD2015Q4YTD_us-gaap_ConsolidatedEntitiesAxis_us-gaap_ParentCompanyMember" decimals="-5" id="Fact-7A690D7410B8504BBCC16737F64378EA" unitref="usd">60200000</us-gaap:revenues>
INFO:root:antm-20171231.xml,  <us-gaap:revenues contextref="FD2016Q4YTD_us-gaap_ConsolidatedEntitiesAxis_us-gaap_ParentCompanyMember" decimals="-5" id="Fact-0F01029007365F2AA78E014DC6678104" unitref="usd">-168100000</us-gaap:revenues>
INFO:root:antm-20171231.xml,  <us-gaap:revenues contextref="FD2017Q4YTD_us-gaap_ConsolidatedEntitiesAxis_us-gaap_ParentCompanyMember" decimals="-5" id="Fact-CD095CEA4D1B5D5081294D153F0F75A9" unitref="usd">38600000</us-gaap:revenues>
INFO:root:antm-20161231.xml,  <us-gaap:netincomeloss contextref="FD2014Q4YTD_dei_LegalEntityAxis_antm_CaliforniaDepartmentOfManagedHealthCareRegulatedEntitiesMember" decimals="-5" id="Fact-C0BE1CEDD99A5AC590ADE6CB06847AAB" unitref="usd">453600000</us-gaap:netincomeloss>
INFO:root:antm-20161231.xml,  <us-gaap:netincomeloss contextref="FD2014Q4YTD_dei_LegalEntityAxis_us-gaap_ParentCompanyMember" decimals="-5" id="Fact-A7A20348AB4953458DCEE86AA3146EAA" unitref="usd">2569700000</us-gaap:netincomeloss>
INFO:root:antm-20161231.xml,  <us-gaap:netincomeloss contextref="FD2014Q4YTD_us-gaap_StatementEquityComponentsAxis_us-gaap_RetainedEarningsMember" decimals="-5" id="Fact-1E052B16DBB95115A8F1D21EFF1D7155" unitref="usd">2569700000</us-gaap:netincomeloss>
INFO:root:antm-20161231.xml,  <us-gaap:netincomeloss contextref="FD2015Q4YTD_dei_LegalEntityAxis_antm_CaliforniaDepartmentOfManagedHealthCareRegulatedEntitiesMember" decimals="-5" id="Fact-89F6F2B8045C597095F5B716413B28BB" unitref="usd">477500000</us-gaap:netincomeloss>
INFO:root:antm-20161231.xml,  <us-gaap:netincomeloss contextref="FD2015Q4YTD_dei_LegalEntityAxis_us-gaap_ParentCompanyMember" decimals="-5" id="Fact-B811E575C5A5568B8941B2C82A03B955" unitref="usd">2560000000</us-gaap:netincomeloss>
INFO:root:antm-20161231.xml,  <us-gaap:netincomeloss contextref="FD2015Q4YTD_us-gaap_StatementEquityComponentsAxis_us-gaap_RetainedEarningsMember" decimals="-5" id="Fact-470DB8463DD0590A8FBECB50F263986A" unitref="usd">2560000000</us-gaap:netincomeloss>
INFO:root:antm-20161231.xml,  <us-gaap:netincomeloss contextref="FD2016Q4YTD_dei_LegalEntityAxis_antm_CaliforniaDepartmentOfManagedHealthCareRegulatedEntitiesMember" decimals="-5" id="Fact-D4B91B86D0AA5512AB85F6EEB9AE4A8C" unitref="usd">774500000</us-gaap:netincomeloss>
INFO:root:antm-20161231.xml,  <us-gaap:netincomeloss contextref="FD2016Q4YTD_dei_LegalEntityAxis_us-gaap_ParentCompanyMember" decimals="-5" id="Fact-1CB0CE2E0E5851ED95E12CE4CDDA81F6" unitref="usd">2469800000</us-gaap:netincomeloss>
INFO:root:antm-20161231.xml,  <us-gaap:netincomeloss contextref="FD2016Q4YTD_us-gaap_StatementEquityComponentsAxis_us-gaap_RetainedEarningsMember" decimals="-5" id="Fact-7F77446AF8E95C64A868B6491B6E6116" unitref="usd">2469800000</us-gaap:netincomeloss>
INFO:root:antm-20161231.xml,  <us-gaap:revenues contextref="FD2014Q4YTD_dei_LegalEntityAxis_us-gaap_ParentCompanyMember" decimals="-5" id="Fact-85899B9AC10553F7BA51454CEAFB6C62" unitref="usd">36600000</us-gaap:revenues>
INFO:root:antm-20161231.xml,  <us-gaap:revenues contextref="FD2015Q4YTD_dei_LegalEntityAxis_us-gaap_ParentCompanyMember" decimals="-5" id="Fact-937F78A6B3C65D568C01B3E290881491" unitref="usd">60200000</us-gaap:revenues>
INFO:root:antm-20161231.xml,  <us-gaap:revenues contextref="FD2016Q4YTD_dei_LegalEntityAxis_us-gaap_ParentCompanyMember" decimals="-5" id="Fact-A97A8B8A1A185D6E8EB00B6C9E023ED6" unitref="usd">-168100000</us-gaap:revenues>
INFO:root:antm-20151231.xml,  <us-gaap:netincomeloss contextref="FD2013Q4YTD_dei_LegalEntityAxis_antm_CaliforniaDepartmentOfManagedHealthCareRegulatedEntitiesMember" decimals="-5" id="Fact-578DC2C6DFDB54F5811C3C5122DB1F01" unitref="usd">487700000</us-gaap:netincomeloss>
INFO:root:antm-20151231.xml,  <us-gaap:netincomeloss contextref="FD2013Q4YTD_dei_LegalEntityAxis_us-gaap_ParentCompanyMember" decimals="-5" id="Fact-563F8F77B01F542093ED59862EFE1CB8" unitref="usd">2489700000</us-gaap:netincomeloss>
INFO:root:antm-20151231.xml,  <us-gaap:netincomeloss contextref="FD2013Q4YTD_us-gaap_StatementEquityComponentsAxis_us-gaap_RetainedEarningsMember" decimals="-5" id="Fact-1B18AF98BC8F57B8A1F4A7F748927ADF" unitref="usd">2489700000</us-gaap:netincomeloss>
INFO:root:antm-20151231.xml,  <us-gaap:netincomeloss contextref="FD2014Q4YTD_dei_LegalEntityAxis_antm_CaliforniaDepartmentOfManagedHealthCareRegulatedEntitiesMember" decimals="-5" id="Fact-9C39A4BF28A852A7B14F7B55DF4B815B" unitref="usd">453600000</us-gaap:netincomeloss>
INFO:root:antm-20151231.xml,  <us-gaap:netincomeloss contextref="FD2014Q4YTD_dei_LegalEntityAxis_us-gaap_ParentCompanyMember" decimals="-5" id="Fact-9AC4C848E2C45072AA6BCA6CA8A9A9D7" unitref="usd">2569700000</us-gaap:netincomeloss>
INFO:root:antm-20151231.xml,  <us-gaap:netincomeloss contextref="FD2014Q4YTD_us-gaap_StatementEquityComponentsAxis_us-gaap_RetainedEarningsMember" decimals="-5" id="Fact-74189CBD2F5B532E9FA6034AE4666947" unitref="usd">2569700000</us-gaap:netincomeloss>
INFO:root:antm-20151231.xml,  <us-gaap:netincomeloss contextref="FD2015Q4YTD_dei_LegalEntityAxis_antm_CaliforniaDepartmentOfManagedHealthCareRegulatedEntitiesMember" decimals="-5" id="Fact-6843958B2C2650A4BEB677C75DFF9930" unitref="usd">477500000</us-gaap:netincomeloss>
INFO:root:antm-20151231.xml,  <us-gaap:netincomeloss contextref="FD2015Q4YTD_dei_LegalEntityAxis_us-gaap_ParentCompanyMember" decimals="-5" id="Fact-5061552658035AB69CA59A01A44BFB0D" unitref="usd">2560000000</us-gaap:netincomeloss>
INFO:root:antm-20151231.xml,  <us-gaap:netincomeloss contextref="FD2015Q4YTD_us-gaap_StatementEquityComponentsAxis_us-gaap_RetainedEarningsMember" decimals="-5" id="Fact-4CE047D2DFF35A9F946D2B920E60ECB2" unitref="usd">2560000000</us-gaap:netincomeloss>
INFO:root:antm-20151231.xml,  <us-gaap:revenues contextref="FD2013Q4YTD_dei_LegalEntityAxis_us-gaap_ParentCompanyMember" decimals="-5" id="Fact-DD88DA427BCD56CE87F3394D7C0465C8" unitref="usd">-69000000</us-gaap:revenues>
INFO:root:antm-20151231.xml,  <us-gaap:revenues contextref="FD2014Q4YTD_dei_LegalEntityAxis_us-gaap_ParentCompanyMember" decimals="-5" id="Fact-5CE9BB2FA0F159C29DB6078B29C995AD" unitref="usd">36600000</us-gaap:revenues>
INFO:root:antm-20151231.xml,  <us-gaap:revenues contextref="FD2015Q4YTD_dei_LegalEntityAxis_us-gaap_ParentCompanyMember" decimals="-5" id="Fact-1AB81FE4625750B5892F9C9BE640CA27" unitref="usd">60200000</us-gaap:revenues>
INFO:root:antm-20141231.xml,  <us-gaap:netincomeloss contextref="FD2012Q4YTD_antm_SegmentInformationByServicesAxis_antm_GovernmentBusinessSegmentMember_us-gaap_BusinessAcquisitionAxis_us-gaap_AffiliatedEntityMember" decimals="-5" id="Fact-500F827C56ADC7C03988D2E87197ABD4" unitref="usd">6100000</us-gaap:netincomeloss>
INFO:root:antm-20141231.xml,  <us-gaap:netincomeloss contextref="FD2012Q4YTD_dei_LegalEntityAxis_antm_CaliforniaDepartmentOfManagedHealthCareRegulatedEntitiesMember" decimals="-5" id="Fact-7DDD3972E462808C5566D2E876491246" unitref="usd">469700000</us-gaap:netincomeloss>
INFO:root:antm-20141231.xml,  <us-gaap:netincomeloss contextref="FD2012Q4YTD_dei_LegalEntityAxis_us-gaap_ParentCompanyMember" decimals="-5" id="Fact-51763DD59FE895319017D2E87697233E" unitref="usd">2655500000</us-gaap:netincomeloss>
INFO:root:antm-20141231.xml,  <us-gaap:netincomeloss contextref="FD2012Q4YTD_us-gaap_StatementEquityComponentsAxis_us-gaap_RetainedEarningsMember" decimals="-5" id="Fact-4FCE99F7CF7C399ABDB3D2E8713AFEF6" unitref="usd">2655500000</us-gaap:netincomeloss>
INFO:root:antm-20141231.xml,  <us-gaap:netincomeloss contextref="FD2013Q4YTD_dei_LegalEntityAxis_antm_CaliforniaDepartmentOfManagedHealthCareRegulatedEntitiesMember" decimals="-5" id="Fact-0410882412F08D8F0C88D2E876499843" unitref="usd">487700000</us-gaap:netincomeloss>
INFO:root:antm-20141231.xml,  <us-gaap:netincomeloss contextref="FD2013Q4YTD_dei_LegalEntityAxis_us-gaap_ParentCompanyMember" decimals="-5" id="Fact-B3341DE6CD1E68AE3CBAD2E87697C45F" unitref="usd">2489700000</us-gaap:netincomeloss>
INFO:root:antm-20141231.xml,  <us-gaap:netincomeloss contextref="FD2013Q4YTD_us-gaap_StatementEquityComponentsAxis_us-gaap_RetainedEarningsMember" decimals="-5" id="Fact-7A2FDE98F98C98DC043BD2E8713A2368" unitref="usd">2489700000</us-gaap:netincomeloss>
INFO:root:antm-20141231.xml,  <us-gaap:netincomeloss contextref="FD2014Q4YTD_dei_LegalEntityAxis_antm_CaliforniaDepartmentOfManagedHealthCareRegulatedEntitiesMember" decimals="-5" id="Fact-02D2C460467E10045705D2E876491049" unitref="usd">453600000</us-gaap:netincomeloss>
INFO:root:antm-20141231.xml,  <us-gaap:netincomeloss contextref="FD2014Q4YTD_dei_LegalEntityAxis_us-gaap_ParentCompanyMember" decimals="-5" id="Fact-CD41D52083E2342A979AD2E87697B955" unitref="usd">2569700000</us-gaap:netincomeloss>
INFO:root:antm-20141231.xml,  <us-gaap:netincomeloss contextref="FD2014Q4YTD_us-gaap_StatementEquityComponentsAxis_us-gaap_RetainedEarningsMember" decimals="-5" id="Fact-490B018CAE8D12022373D2E879746618" unitref="usd">2569700000</us-gaap:netincomeloss>
INFO:root:antm-20141231.xml,  <us-gaap:revenues contextref="FD2012Q4YTD_dei_LegalEntityAxis_us-gaap_ParentCompanyMember" decimals="-5" id="Fact-E0F8C9B5367AFFAF8536D2E876977015" unitref="usd">56300000</us-gaap:revenues>
INFO:root:antm-20141231.xml,  <us-gaap:revenues contextref="FD2013Q4YTD_dei_LegalEntityAxis_us-gaap_ParentCompanyMember" decimals="-5" id="Fact-083089D2CC724681E534D2E87697CFC0" unitref="usd">-69000000</us-gaap:revenues>
INFO:root:antm-20141231.xml,  <us-gaap:revenues contextref="FD2014Q4YTD_dei_LegalEntityAxis_us-gaap_ParentCompanyMember" decimals="-5" id="Fact-7ED9E8243A5786EB65D7D2E87697B09A" unitref="usd">36600000</us-gaap:revenues>
INFO:root:wlp-20131231.xml,  <us-gaap:netincomeloss contextref="FD2011Q4YTD_us-gaap_StatementEquityComponentsAxis_us-gaap_RetainedEarningsMember" decimals="-5" id="Fact-C85328D26FBCC254984324D12A649F34" unitref="usd">2646700000</us-gaap:netincomeloss>
INFO:root:wlp-20131231.xml,  <us-gaap:netincomeloss contextref="FD2013Q4YTD_us-gaap_StatementEquityComponentsAxis_us-gaap_RetainedEarningsMember" decimals="-5" id="Fact-4AF1DCF03F235F239BA124D12A6C34F6" unitref="usd">2489700000</us-gaap:netincomeloss>
INFO:root:wlp-20131231.xml,  <us-gaap:netincomeloss contextref="FD2012Q4YTD_us-gaap_StatementEquityComponentsAxis_us-gaap_RetainedEarningsMember" decimals="-5" id="Fact-6B023A8B34E0E6B5CAE924D12A35B8C4" unitref="usd">2655500000</us-gaap:netincomeloss>
INFO:root:wlp-20131231.xml,  <us-gaap:netincomeloss contextref="FD2012Q4YTD_dei_LegalEntityAxis_wlp_AmerigroupMember_wlp_SegmentInformationByServicesAxis_wlp_GovernmentBusinessSegmentMember" decimals="-5" id="Fact-FF1CBE699C6B43BC054404A49BDC292E" unitref="usd">6100000</us-gaap:netincomeloss>
INFO:root:wlp-20131231.xml,  <us-gaap:netincomeloss contextref="FD2013Q4YTD_dei_LegalEntityAxis_wlp_DhmcRegulatedEntitiesMember" decimals="-5" id="Fact-991484FBBB3C5976512904A4A22DBD34" unitref="usd">487700000</us-gaap:netincomeloss>
INFO:root:wlp-20131231.xml,  <us-gaap:netincomeloss contextref="FD2011Q4YTD_dei_LegalEntityAxis_wlp_DhmcRegulatedEntitiesMember" decimals="-5" id="Fact-74E952D711062ABDFC5604A4A22EF0AF" unitref="usd">524300000</us-gaap:netincomeloss>
INFO:root:wlp-20131231.xml,  <us-gaap:netincomeloss contextref="FD2012Q4YTD_dei_LegalEntityAxis_wlp_DhmcRegulatedEntitiesMember" decimals="-5" id="Fact-75EF4E3C26980B9CDA7104A4A22ECB32" unitref="usd">469700000</us-gaap:netincomeloss>
INFO:root:wlp-20131231.xml,  <us-gaap:netincomeloss contextref="FD2013Q4YTD_dei_LegalEntityAxis_wlp_WellpointIncMember" decimals="-5" id="Fact-81F356DE17291041F83F04A4A27E4C37" unitref="usd">2489700000</us-gaap:netincomeloss>
INFO:root:wlp-20131231.xml,  <us-gaap:netincomeloss contextref="FD2011Q4YTD_dei_LegalEntityAxis_wlp_WellpointIncMember" decimals="-5" id="Fact-CD769FC3B5268421FDB004A4A27EE5D9" unitref="usd">2646700000</us-gaap:netincomeloss>
INFO:root:wlp-20131231.xml,  <us-gaap:netincomeloss contextref="FD2012Q4YTD_dei_LegalEntityAxis_wlp_WellpointIncMember" decimals="-5" id="Fact-234472116456B890D08804A4A27C9F04" unitref="usd">2655500000</us-gaap:netincomeloss>
INFO:root:wlp-20131231.xml,  <us-gaap:revenues contextref="FD2012Q4YTD_dei_LegalEntityAxis_wlp_WellpointIncMember" decimals="-5" id="Fact-4E03EB498D1D0BE10E4704A4A27E00C6" unitref="usd">56300000</us-gaap:revenues>
INFO:root:wlp-20131231.xml,  <us-gaap:revenues contextref="FD2013Q4YTD_dei_LegalEntityAxis_wlp_WellpointIncMember" decimals="-5" id="Fact-E0A103C9D3A8FE7F7A0C04A4A27D6EEB" unitref="usd">-69000000</us-gaap:revenues>
INFO:root:wlp-20131231.xml,  <us-gaap:revenues contextref="FD2011Q4YTD_dei_LegalEntityAxis_wlp_WellpointIncMember" decimals="-5" id="Fact-01D635C3B09292FC548304A4A27FFF5E" unitref="usd">83800000</us-gaap:revenues>
INFO:root:wlp-20091231.xml,  <us-gaap:netincomeloss contextref="eol_PE89820---0910-K0009_STD_365_20071231_0_411810x410600" decimals="-5" unitref="iso4217_USD">3345400000</us-gaap:netincomeloss>
INFO:root:wlp-20091231.xml,  <us-gaap:netincomeloss contextref="eol_PE89820---0910-K0009_STD_365_20091231_0_411810x410600" decimals="-5" unitref="iso4217_USD">4745900000</us-gaap:netincomeloss>
INFO:root:wlp-20091231.xml,  <us-gaap:netincomeloss contextref="eol_PE89820---0910-K0009_STD_366_20081231_0_411810x410600" decimals="-5" unitref="iso4217_USD">2490700000</us-gaap:netincomeloss>
INFO:root:antm-20190331.xml,  <us-gaap:netincomeloss contextref="FD2018Q1YTD_us-gaap_StatementEquityComponentsAxis_us-gaap_RetainedEarningsMember" decimals="-6" id="Fact-BFF24DD046005118A75F5108CF240B7D" unitref="usd">1312000000</us-gaap:netincomeloss>
INFO:root:antm-20190331.xml,  <us-gaap:netincomeloss contextref="FD2019Q1YTD_us-gaap_StatementEquityComponentsAxis_us-gaap_RetainedEarningsMember" decimals="-6" id="Fact-FDEF7E8BEF7B5522A831CE6099324731" unitref="usd">1551000000</us-gaap:netincomeloss>
INFO:root:antm-20180930.xml,  <us-gaap:earningspersharediluted contextref="FD2017Q3YTD" decimals="2" id="Fact-2B06F6EF63BB55A2962637F5D91E26F3" unitref="usdPerShare">9.70</us-gaap:earningspersharediluted>
INFO:root:antm-20180930.xml,  <us-gaap:earningspersharediluted contextref="FD2018Q3YTD" decimals="2" id="Fact-321B0D04151757FFB7B101B1484FE885" unitref="usdPerShare">12.58</us-gaap:earningspersharediluted>
INFO:root:antm-20180930.xml,  <us-gaap:netincomeloss contextref="FD2017Q3YTD" decimals="-6" id="Fact-07E50323549B5249BF1545CBEC4A2045" unitref="usd">2612000000</us-gaap:netincomeloss>
INFO:root:antm-20180930.xml,  <us-gaap:netincomeloss contextref="FD2017Q3YTD_us-gaap_StatementEquityComponentsAxis_us-gaap_RetainedEarningsMember" decimals="-6" id="Fact-798DCD36B4A0549583F80A232EF509CC" unitref="usd">2612000000</us-gaap:netincomeloss>
INFO:root:antm-20180930.xml,  <us-gaap:netincomeloss contextref="FD2018Q3YTD" decimals="-6" id="Fact-B5F91CBE2D935BE1B887608D832E8440" unitref="usd">3325000000</us-gaap:netincomeloss>
INFO:root:antm-20180930.xml,  <us-gaap:netincomeloss contextref="FD2018Q3YTD_us-gaap_StatementEquityComponentsAxis_us-gaap_RetainedEarningsMember" decimals="-6" id="Fact-BF480DF2018752C299699EF5B44EC8F5" unitref="usd">3325000000</us-gaap:netincomeloss>
INFO:root:antm-20180930.xml,  <us-gaap:revenues contextref="FD2017Q3YTD" decimals="-6" id="Fact-1A7D07C2653B523191EC03AD23A35168" unitref="usd">67359000000</us-gaap:revenues>
INFO:root:antm-20180930.xml,  <us-gaap:revenues contextref="FD2018Q3YTD" decimals="-6" id="Fact-4A52FFF76C9554E19656B59AD469376D" unitref="usd">68732000000</us-gaap:revenues>
INFO:root:antm-20180630.xml,  <us-gaap:earningspersharediluted contextref="FD2017Q2YTD" decimals="2" id="Fact-FA2819C980E154058E6F0D9B990A71A3" unitref="usdPerShare">6.89</us-gaap:earningspersharediluted>
INFO:root:antm-20180630.xml,  <us-gaap:earningspersharediluted contextref="FD2018Q2YTD" decimals="2" id="Fact-8716F7EC930A510C89284B7E258BBADC" unitref="usdPerShare">8.97</us-gaap:earningspersharediluted>
INFO:root:antm-20180630.xml,  <us-gaap:netincomeloss contextref="FD2017Q2YTD" decimals="-5" id="Fact-85A3F851702C5EABB71747E5999AEAD6" unitref="usd">1865200000</us-gaap:netincomeloss>
INFO:root:antm-20180630.xml,  <us-gaap:netincomeloss contextref="FD2017Q2YTD_us-gaap_StatementEquityComponentsAxis_us-gaap_RetainedEarningsMember" decimals="-5" id="Fact-D102105F17DB5A5B90F472DAA6737D18" unitref="usd">1865200000</us-gaap:netincomeloss>
INFO:root:antm-20180630.xml,  <us-gaap:netincomeloss contextref="FD2018Q2YTD" decimals="-5" id="Fact-A368C1B335675467AC7B0C76F61C0222" unitref="usd">2365900000</us-gaap:netincomeloss>
INFO:root:antm-20180630.xml,  <us-gaap:netincomeloss contextref="FD2018Q2YTD_us-gaap_StatementEquityComponentsAxis_us-gaap_RetainedEarningsMember" decimals="-5" id="Fact-75B8C5E4A8C35EE19815538C8AD55669" unitref="usd">2365900000</us-gaap:netincomeloss>
INFO:root:antm-20180630.xml,  <us-gaap:revenues contextref="FD2017Q2YTD" decimals="-5" id="Fact-D0B26ED282EE5BB7AF53FC1D1696D4AD" unitref="usd">44933100000</us-gaap:revenues>
INFO:root:antm-20180630.xml,  <us-gaap:revenues contextref="FD2018Q2YTD" decimals="-5" id="Fact-DE2EA07DBD115E5C96B3535E54668050" unitref="usd">45481200000</us-gaap:revenues>
INFO:root:antm-20180331.xml,  <us-gaap:netincomeloss contextref="FD2017Q1YTD_us-gaap_StatementEquityComponentsAxis_us-gaap_RetainedEarningsMember" decimals="-5" id="Fact-B858DD04990F53849859DEA6E7798CD9" unitref="usd">1009900000</us-gaap:netincomeloss>
INFO:root:antm-20180331.xml,  <us-gaap:netincomeloss contextref="FD2018Q1YTD_us-gaap_StatementEquityComponentsAxis_us-gaap_RetainedEarningsMember" decimals="-5" id="Fact-B405E93CB09250108A39FF4E9C0CE9D3" unitref="usd">1312500000</us-gaap:netincomeloss>
INFO:root:antm-20170930.xml,  <us-gaap:earningspersharediluted contextref="FD2016Q3YTD" decimals="2" id="Fact-2336F94FD94B56D29FB1A2BE5EEA42F9" unitref="usdPerShare">7.84</us-gaap:earningspersharediluted>
INFO:root:antm-20170930.xml,  <us-gaap:earningspersharediluted contextref="FD2017Q3YTD" decimals="2" id="Fact-DAF2B11BE962562D80D6B4EB91B55A2F" unitref="usdPerShare">9.70</us-gaap:earningspersharediluted>
INFO:root:antm-20170930.xml,  <us-gaap:netincomeloss contextref="FD2016Q3YTD" decimals="-5" id="Fact-C5A66B16CB9D53959C5F003D68E136B5" unitref="usd">2101400000</us-gaap:netincomeloss>
INFO:root:antm-20170930.xml,  <us-gaap:netincomeloss contextref="FD2016Q3YTD_us-gaap_StatementEquityComponentsAxis_us-gaap_RetainedEarningsMember" decimals="-5" id="Fact-117B8256C25450169D2909F4743CDB15" unitref="usd">2101400000</us-gaap:netincomeloss>
INFO:root:antm-20170930.xml,  <us-gaap:netincomeloss contextref="FD2017Q3YTD" decimals="-5" id="Fact-9ECDAA004BFE59E0B9ED7A060DD059A2" unitref="usd">2612100000</us-gaap:netincomeloss>
INFO:root:antm-20170930.xml,  <us-gaap:netincomeloss contextref="FD2017Q3YTD_us-gaap_StatementEquityComponentsAxis_us-gaap_RetainedEarningsMember" decimals="-5" id="Fact-9D34EB86A5735B80B8C92A5087981906" unitref="usd">2612100000</us-gaap:netincomeloss>
INFO:root:antm-20170930.xml,  <us-gaap:revenues contextref="FD2016Q3YTD" decimals="-5" id="Fact-453D0FD318B6501CB17EE45754A5FD37" unitref="usd">63148600000</us-gaap:revenues>
INFO:root:antm-20170930.xml,  <us-gaap:revenues contextref="FD2017Q3YTD" decimals="-5" id="Fact-BC52127C8D75513E8696EB6C0D96A21E" unitref="usd">67359100000</us-gaap:revenues>
INFO:root:antm-20170630.xml,  <us-gaap:earningspersharediluted contextref="FD2016Q2YTD" decimals="2" id="Fact-A46D5999B9EE7002D961CAF6782E419B" unitref="usdPerShare">5.54</us-gaap:earningspersharediluted>
INFO:root:antm-20170630.xml,  <us-gaap:earningspersharediluted contextref="FD2017Q2YTD" decimals="2" id="Fact-D1C1BA36FD92EAE98C54CAF6782E9BB2" unitref="usdPerShare">6.89</us-gaap:earningspersharediluted>
INFO:root:antm-20170630.xml,  <us-gaap:netincomeloss contextref="FD2016Q2YTD" decimals="-5" id="Fact-340600BA0DC2FE894776CAF6782FBCE3" unitref="usd">1483600000</us-gaap:netincomeloss>
INFO:root:antm-20170630.xml,  <us-gaap:netincomeloss contextref="FD2016Q2YTD_us-gaap_StatementEquityComponentsAxis_us-gaap_RetainedEarningsMember" decimals="-5" id="Fact-6FB42909CF37EC8FE183CAF6780FA59E" unitref="usd">1483600000</us-gaap:netincomeloss>
INFO:root:antm-20170630.xml,  <us-gaap:netincomeloss contextref="FD2017Q2YTD" decimals="-5" id="Fact-582B539BCADE99578A02CAF6781EF0D3" unitref="usd">1865200000</us-gaap:netincomeloss>
INFO:root:antm-20170630.xml,  <us-gaap:netincomeloss contextref="FD2017Q2YTD_us-gaap_StatementEquityComponentsAxis_us-gaap_RetainedEarningsMember" decimals="-5" id="Fact-0C13EA3F23D996F92D8DCAF6780F4B12" unitref="usd">1865200000</us-gaap:netincomeloss>
INFO:root:antm-20170630.xml,  <us-gaap:revenues contextref="FD2016Q2YTD" decimals="-5" id="Fact-3740CD5AD07CFEEC54FACAF6782E530C" unitref="usd">41744700000</us-gaap:revenues>
INFO:root:antm-20170630.xml,  <us-gaap:revenues contextref="FD2017Q2YTD" decimals="-5" id="Fact-058429851A215B1DCD5BCAF6781E425E" unitref="usd">44933100000</us-gaap:revenues>
INFO:root:antm-20170331.xml,  <us-gaap:netincomeloss contextref="FD2016Q1YTD_us-gaap_StatementEquityComponentsAxis_us-gaap_RetainedEarningsMember" decimals="-5" id="Fact-BB5D48FF708753F5BFBC40AE690A57C7" unitref="usd">703000000</us-gaap:netincomeloss>
INFO:root:antm-20170331.xml,  <us-gaap:netincomeloss contextref="FD2017Q1YTD_us-gaap_StatementEquityComponentsAxis_us-gaap_RetainedEarningsMember" decimals="-5" id="Fact-351385E41B735929BBAB82C03C6C4867" unitref="usd">1009900000</us-gaap:netincomeloss>
INFO:root:antm-20160930.xml,  <us-gaap:earningspersharediluted contextref="FD2015Q3YTD" decimals="2" id="Fact-3801809D4F935F239C3E55DDBD4CB3C0" unitref="usdPerShare">8.66</us-gaap:earningspersharediluted>
INFO:root:antm-20160930.xml,  <us-gaap:earningspersharediluted contextref="FD2016Q3YTD" decimals="2" id="Fact-114C6250F353510AAE5918EBBFCC2121" unitref="usdPerShare">7.84</us-gaap:earningspersharediluted>
INFO:root:antm-20160930.xml,  <us-gaap:netincomeloss contextref="FD2015Q3YTD" decimals="-5" id="Fact-FE6D9EAF69175296AAAA49D2CD9C8CE8" unitref="usd">2379100000</us-gaap:netincomeloss>
INFO:root:antm-20160930.xml,  <us-gaap:netincomeloss contextref="FD2015Q3YTD_us-gaap_StatementEquityComponentsAxis_us-gaap_RetainedEarningsMember" decimals="-5" id="Fact-E58EE3132C6A54D3B70795843B21B9A2" unitref="usd">2379100000</us-gaap:netincomeloss>
INFO:root:antm-20160930.xml,  <us-gaap:netincomeloss contextref="FD2016Q3YTD" decimals="-5" id="Fact-BF2CAABFE67B53439C251A98578B2638" unitref="usd">2101400000</us-gaap:netincomeloss>
INFO:root:antm-20160930.xml,  <us-gaap:netincomeloss contextref="FD2016Q3YTD_us-gaap_StatementEquityComponentsAxis_us-gaap_RetainedEarningsMember" decimals="-5" id="Fact-8485C1FA28AF5D0980AA9C6DB316222E" unitref="usd">2101400000</us-gaap:netincomeloss>
INFO:root:antm-20160930.xml,  <us-gaap:revenues contextref="FD2015Q3YTD" decimals="-5" id="Fact-6BCFEF84ABE75A2C9F6754446C192D6C" unitref="usd">58968600000</us-gaap:revenues>
INFO:root:antm-20160930.xml,  <us-gaap:revenues contextref="FD2016Q3YTD" decimals="-5" id="Fact-4E6CF29B50DC503F9ED31D634BD2AA33" unitref="usd">63148600000</us-gaap:revenues>
INFO:root:antm-20160630.xml,  <us-gaap:earningspersharediluted contextref="FD2015Q2YTD" decimals="2" id="Fact-C7CDBF4500C955E7B4018B7C4F474F1D" unitref="usdPerShare">6.22</us-gaap:earningspersharediluted>
INFO:root:antm-20160630.xml,  <us-gaap:earningspersharediluted contextref="FD2016Q2YTD" decimals="2" id="Fact-0F58006C6BB95EB18A65796250B6BADE" unitref="usdPerShare">5.54</us-gaap:earningspersharediluted>
INFO:root:antm-20160630.xml,  <us-gaap:netincomeloss contextref="FD2015Q2YTD" decimals="-5" id="Fact-6FF7549056DF568C9BB8E5479796021F" unitref="usd">1724300000</us-gaap:netincomeloss>
INFO:root:antm-20160630.xml,  <us-gaap:netincomeloss contextref="FD2015Q2YTD_us-gaap_StatementEquityComponentsAxis_us-gaap_RetainedEarningsMember" decimals="-5" id="Fact-0070EDACB5F75051A156E837EFB6086A" unitref="usd">1724300000</us-gaap:netincomeloss>
INFO:root:antm-20160630.xml,  <us-gaap:netincomeloss contextref="FD2016Q2YTD" decimals="-5" id="Fact-459BE8A6B71A53558393A2A0A83E918E" unitref="usd">1483600000</us-gaap:netincomeloss>
INFO:root:antm-20160630.xml,  <us-gaap:netincomeloss contextref="FD2016Q2YTD_us-gaap_StatementEquityComponentsAxis_us-gaap_RetainedEarningsMember" decimals="-5" id="Fact-BDB5F4CB1D3A5B9FA4B49E376227568E" unitref="usd">1483600000</us-gaap:netincomeloss>
INFO:root:antm-20160630.xml,  <us-gaap:revenues contextref="FD2015Q2YTD" decimals="-5" id="Fact-1E16309ED5285DC490A7D064FE312F9F" unitref="usd">39067000000</us-gaap:revenues>
INFO:root:antm-20160630.xml,  <us-gaap:revenues contextref="FD2016Q2YTD" decimals="-5" id="Fact-81367709F11E53C59AC1573A7A1424D6" unitref="usd">41744700000</us-gaap:revenues>
INFO:root:antm-20160331.xml,  <us-gaap:netincomeloss contextref="FD2015Q1YTD_us-gaap_StatementEquityComponentsAxis_us-gaap_RetainedEarningsMember" decimals="-5" id="Fact-EEA041AD737B5FEB90686DD9B3F42652" unitref="usd">865200000</us-gaap:netincomeloss>
INFO:root:antm-20160331.xml,  <us-gaap:netincomeloss contextref="FD2016Q1YTD_us-gaap_StatementEquityComponentsAxis_us-gaap_RetainedEarningsMember" decimals="-5" id="Fact-E3AD78C4FBFC59748C0634984916A767" unitref="usd">703000000</us-gaap:netincomeloss>
INFO:root:antm-20150930.xml,  <us-gaap:earningspersharediluted contextref="FD2014Q3YTD" decimals="2" id="Fact-347967E2D8C9AEEF469EE1C86DA274BA" unitref="usdPerShare">7.18</us-gaap:earningspersharediluted>
INFO:root:antm-20150930.xml,  <us-gaap:earningspersharediluted contextref="FD2015Q3YTD" decimals="2" id="Fact-2BFBEE3A5FC1343DFACBE1C86E99B30B" unitref="usdPerShare">8.66</us-gaap:earningspersharediluted>
INFO:root:antm-20150930.xml,  <us-gaap:incomelossfromcontinuingoperationsperdilutedshare contextref="FD2014Q3YTD" decimals="2" id="Fact-80DAC932B7FF46237062E1C86F3BE992" unitref="usdPerShare">7.15</us-gaap:incomelossfromcontinuingoperationsperdilutedshare>
INFO:root:antm-20150930.xml,  <us-gaap:incomelossfromcontinuingoperationsperdilutedshare contextref="FD2015Q3YTD" decimals="2" id="Fact-3DE4679E0531E1DD153BE1C86F2EACB7" unitref="usdPerShare">8.66</us-gaap:incomelossfromcontinuingoperationsperdilutedshare>
INFO:root:antm-20150930.xml,  <us-gaap:netincomeloss contextref="FD2014Q3YTD" decimals="-5" id="Fact-D3ADE76465B2BB3E25B2E1C86E667B37" unitref="usd">2063000000</us-gaap:netincomeloss>
INFO:root:antm-20150930.xml,  <us-gaap:netincomeloss contextref="FD2014Q3YTD_us-gaap_StatementEquityComponentsAxis_us-gaap_RetainedEarningsMember" decimals="-5" id="Fact-9C2C6F8A0E229613A27AE1C86CD989CF" unitref="usd">2063000000</us-gaap:netincomeloss>
INFO:root:antm-20150930.xml,  <us-gaap:netincomeloss contextref="FD2015Q3YTD" decimals="-5" id="Fact-FDFF1099FC58942B698FE1C86DE02F66" unitref="usd">2379100000</us-gaap:netincomeloss>
INFO:root:antm-20150930.xml,  <us-gaap:netincomeloss contextref="FD2015Q3YTD_us-gaap_StatementEquityComponentsAxis_us-gaap_RetainedEarningsMember" decimals="-5" id="Fact-98CA649CBD2D0B9BE6F4E1C86CB5A962" unitref="usd">2379100000</us-gaap:netincomeloss>
INFO:root:antm-20150930.xml,  <us-gaap:revenues contextref="FD2014Q3YTD" decimals="-5" id="Fact-7EAF70CF538BF517971FE1C86F539ED2" unitref="usd">54889800000</us-gaap:revenues>
INFO:root:antm-20150930.xml,  <us-gaap:revenues contextref="FD2015Q3YTD" decimals="-5" id="Fact-7ADBBF05E2440E34107BE1C86F3E2B05" unitref="usd">58968600000</us-gaap:revenues>
INFO:root:antm-20150630.xml,  <us-gaap:earningspersharediluted contextref="FD2014Q2YTD" decimals="2" id="Fact-7FC828228FD7241871ED7C14C094D80E" unitref="usdPerShare">4.95</us-gaap:earningspersharediluted>
INFO:root:antm-20150630.xml,  <us-gaap:earningspersharediluted contextref="FD2015Q2YTD" decimals="2" id="Fact-77891081F7AC95301D357C14C0902B6C" unitref="usdPerShare">6.22</us-gaap:earningspersharediluted>
INFO:root:antm-20150630.xml,  <us-gaap:incomelossfromcontinuingoperationsperdilutedshare contextref="FD2014Q2YTD" decimals="2" id="Fact-B0B23D6A6DBEEF0BA86E7C14C0922915" unitref="usdPerShare">4.92</us-gaap:incomelossfromcontinuingoperationsperdilutedshare>
INFO:root:antm-20150630.xml,  <us-gaap:incomelossfromcontinuingoperationsperdilutedshare contextref="FD2015Q2YTD" decimals="2" id="Fact-A984133DBDAE506FB6E57C14C08E4571" unitref="usdPerShare">6.22</us-gaap:incomelossfromcontinuingoperationsperdilutedshare>
INFO:root:antm-20150630.xml,  <us-gaap:netincomeloss contextref="FD2014Q2YTD" decimals="-5" id="Fact-7C05A3BD32E544CF7E0A7C14C0952405" unitref="usd">1432100000</us-gaap:netincomeloss>
INFO:root:antm-20150630.xml,  <us-gaap:netincomeloss contextref="FD2014Q2YTD_us-gaap_StatementEquityComponentsAxis_us-gaap_RetainedEarningsMember" decimals="-5" id="Fact-7D52A076741E6F499DE87C14C0817B1A" unitref="usd">1432100000</us-gaap:netincomeloss>
INFO:root:antm-20150630.xml,  <us-gaap:netincomeloss contextref="FD2015Q2YTD" decimals="-5" id="Fact-27BEDBF6F595C90EF6EF7C14C0957580" unitref="usd">1724300000</us-gaap:netincomeloss>
INFO:root:antm-20150630.xml,  <us-gaap:netincomeloss contextref="FD2015Q2YTD_us-gaap_StatementEquityComponentsAxis_us-gaap_RetainedEarningsMember" decimals="-5" id="Fact-829ECDFD189739CB23A77C14C0934FD3" unitref="usd">1724300000</us-gaap:netincomeloss>
INFO:root:antm-20150630.xml,  <us-gaap:revenues contextref="FD2014Q2YTD" decimals="-5" id="Fact-E595C8C25E703B3463BB7C14C0859BE1" unitref="usd">36332800000</us-gaap:revenues>
INFO:root:antm-20150630.xml,  <us-gaap:revenues contextref="FD2015Q2YTD" decimals="-5" id="Fact-FF22A014FBC937AB7E557C14C095A578" unitref="usd">39067000000</us-gaap:revenues>
INFO:root:antm-20150331.xml,  <us-gaap:netincomeloss contextref="FD2014Q1YTD_us-gaap_StatementEquityComponentsAxis_us-gaap_RetainedEarningsMember" decimals="-5" id="Fact-2C817DF16EB22BFD894FDC15E5BCB3D0" unitref="usd">701000000</us-gaap:netincomeloss>
INFO:root:antm-20150331.xml,  <us-gaap:netincomeloss contextref="FD2015Q1YTD_us-gaap_StatementEquityComponentsAxis_us-gaap_RetainedEarningsMember" decimals="-5" id="Fact-A5E0C5A36FAF60C0B5E1DC15E7656EA2" unitref="usd">865200000</us-gaap:netincomeloss>
INFO:root:wlp-20140930.xml,  <us-gaap:earningspersharediluted contextref="FD2014Q3YTD" decimals="2" id="Fact-3DEB52B87F6958B5BAF3B5F296CE03D2" unitref="usdPerShare">7.18</us-gaap:earningspersharediluted>
INFO:root:wlp-20140930.xml,  <us-gaap:earningspersharediluted contextref="FD2013Q3YTD" decimals="2" id="Fact-86D941EC06645661A99361F0DEE57FAB" unitref="usdPerShare">7.69</us-gaap:earningspersharediluted>
INFO:root:wlp-20140930.xml,  <us-gaap:incomelossfromcontinuingoperationsperdilutedshare contextref="FD2014Q3YTD" decimals="2" id="Fact-E3F522A37F38557D951107491BF5D192" unitref="usdPerShare">7.15</us-gaap:incomelossfromcontinuingoperationsperdilutedshare>
INFO:root:wlp-20140930.xml,  <us-gaap:incomelossfromcontinuingoperationsperdilutedshare contextref="FD2013Q3YTD" decimals="2" id="Fact-43D1947BEAD35B26B324C60E2D8599A2" unitref="usdPerShare">7.64</us-gaap:incomelossfromcontinuingoperationsperdilutedshare>
INFO:root:wlp-20140930.xml,  <us-gaap:netincomeloss contextref="FD2013Q3YTD" decimals="-5" id="Fact-C5C3434D42DF5DB1BD4912754041A354" unitref="usd">2341500000</us-gaap:netincomeloss>
INFO:root:wlp-20140930.xml,  <us-gaap:netincomeloss contextref="FD2014Q3YTD" decimals="-5" id="Fact-990691A02E78532BAECC14B104B14D61" unitref="usd">2063000000</us-gaap:netincomeloss>
INFO:root:wlp-20140930.xml,  <us-gaap:netincomeloss contextref="FD2014Q3YTD_us-gaap_StatementEquityComponentsAxis_us-gaap_RetainedEarningsMember" decimals="-5" id="Fact-BAD35D39C1295F5350581511414B9A4A" unitref="usd">2063000000</us-gaap:netincomeloss>
INFO:root:wlp-20140930.xml,  <us-gaap:netincomeloss contextref="FD2013Q3YTD_us-gaap_StatementEquityComponentsAxis_us-gaap_RetainedEarningsMember" decimals="-5" id="Fact-21CA7830049A55F5800321B620F2EE4C" unitref="usd">2341500000</us-gaap:netincomeloss>
INFO:root:wlp-20140930.xml,  <us-gaap:revenues contextref="FD2014Q3YTD" decimals="-5" id="Fact-DC85FD00298B55218925B5B2DC805535" unitref="usd">54889800000</us-gaap:revenues>
INFO:root:wlp-20140930.xml,  <us-gaap:revenues contextref="FD2013Q3YTD" decimals="-5" id="Fact-4ECC871334575A8D8214E0C88DC7F179" unitref="usd">53121800000</us-gaap:revenues>
INFO:root:wlp-20140630.xml,  <us-gaap:earningspersharediluted contextref="FD2014Q2YTD" decimals="2" id="Fact-5B95E703F77A07A66B80AA38A6603132" unitref="usdPerShare">4.95</us-gaap:earningspersharediluted>
INFO:root:wlp-20140630.xml,  <us-gaap:earningspersharediluted contextref="FD2013Q2YTD" decimals="2" id="Fact-315F1CD678DDC2DAA27CAA38A4088883" unitref="usdPerShare">5.53</us-gaap:earningspersharediluted>
INFO:root:wlp-20140630.xml,  <us-gaap:incomelossfromcontinuingoperationsperdilutedshare contextref="FD2014Q2YTD" decimals="2" id="Fact-4C0BEBBBC2A90F5D9276AA38A408D98C" unitref="usdPerShare">4.92</us-gaap:incomelossfromcontinuingoperationsperdilutedshare>
INFO:root:wlp-20140630.xml,  <us-gaap:incomelossfromcontinuingoperationsperdilutedshare contextref="FD2013Q2YTD" decimals="2" id="Fact-874F45D065B706606C65AA38A66086FE" unitref="usdPerShare">5.49</us-gaap:incomelossfromcontinuingoperationsperdilutedshare>
INFO:root:wlp-20140630.xml,  <us-gaap:netincomeloss contextref="FD2013Q2YTD" decimals="-5" id="Fact-32E63200AD7BCBCBE3E0AA38A660A6DE" unitref="usd">1685300000</us-gaap:netincomeloss>
INFO:root:wlp-20140630.xml,  <us-gaap:netincomeloss contextref="FD2014Q2YTD" decimals="-5" id="Fact-E39320B437335FC1AEC3AA38A67451D6" unitref="usd">1432100000</us-gaap:netincomeloss>
INFO:root:wlp-20140630.xml,  <us-gaap:netincomeloss contextref="FD2014Q2YTD_us-gaap_StatementEquityComponentsAxis_us-gaap_RetainedEarningsMember" decimals="-5" id="Fact-5D6FEB01A5454E3916C5AA38A55C6346" unitref="usd">1432100000</us-gaap:netincomeloss>
INFO:root:wlp-20140630.xml,  <us-gaap:netincomeloss contextref="FD2013Q2YTD_us-gaap_StatementEquityComponentsAxis_us-gaap_RetainedEarningsMember" decimals="-5" id="Fact-CB3782616C758D4A34A1AA38A54843AA" unitref="usd">1685300000</us-gaap:netincomeloss>
INFO:root:wlp-20140630.xml,  <us-gaap:revenues contextref="FD2014Q2YTD" decimals="-5" id="Fact-C41915BF9C5A7132F5D3AA38A6D826DF" unitref="usd">36332800000</us-gaap:revenues>
INFO:root:wlp-20140630.xml,  <us-gaap:revenues contextref="FD2013Q2YTD" decimals="-5" id="Fact-7EEEFABCA361D50C60ADAA38A65628A7" unitref="usd">35266300000</us-gaap:revenues>
INFO:root:wlp-20140331.xml,  <us-gaap:netincomeloss contextref="FD2014Q1QTD_us-gaap_StatementEquityComponentsAxis_us-gaap_RetainedEarningsMember" decimals="-5" id="Fact-75839C1E46E25435594AF41759CD0F71" unitref="usd">701000000</us-gaap:netincomeloss>
INFO:root:wlp-20140331.xml,  <us-gaap:netincomeloss contextref="FD2013Q1QTD_us-gaap_StatementEquityComponentsAxis_us-gaap_RetainedEarningsMember" decimals="-5" id="Fact-6AF878666DE9FDE1BC98F41759CD2BE4" unitref="usd">885200000</us-gaap:netincomeloss>
INFO:root:wlp-20130930.xml,  <us-gaap:earningspersharediluted contextref="D2012Q3YTD" decimals="2" id="Fact-5B3BFE88321196A4F788053BD9501481" unitref="usdPerShare">6.63</us-gaap:earningspersharediluted>
INFO:root:wlp-20130930.xml,  <us-gaap:earningspersharediluted contextref="D2013Q3YTD" decimals="2" id="Fact-2B1597C9C59A86308442053BD95089C8" unitref="usdPerShare">7.69</us-gaap:earningspersharediluted>
INFO:root:wlp-20130930.xml,  <us-gaap:netincomeloss contextref="D2012Q3YTD" decimals="-5" id="Fact-71B4B87EE62A322410D8053BD950CE63" unitref="usd">2191300000</us-gaap:netincomeloss>
INFO:root:wlp-20130930.xml,  <us-gaap:netincomeloss contextref="D2013Q3YTD" decimals="-5" id="Fact-162CF2D97C7149DA5251053BD9511817" unitref="usd">2341500000</us-gaap:netincomeloss>
INFO:root:wlp-20130930.xml,  <us-gaap:netincomeloss contextref="D2012Q3YTD_us-gaap_StatementEquityComponentsAxis_us-gaap_RetainedEarningsMember" decimals="-5" id="Fact-283CD514A2E1ECD69EA56FE504C5F8AF" unitref="usd">2191300000</us-gaap:netincomeloss>
INFO:root:wlp-20130930.xml,  <us-gaap:netincomeloss contextref="D2013Q3YTD_us-gaap_StatementEquityComponentsAxis_us-gaap_RetainedEarningsMember" decimals="-5" id="Fact-2A039177F627AD4492EB6FE504D557E4" unitref="usd">2341500000</us-gaap:netincomeloss>
INFO:root:wlp-20130930.xml,  <us-gaap:revenues contextref="D2013Q3YTD" decimals="-5" id="Fact-43314640AA4AD6983C4F053BD950C0C2" unitref="usd">53452600000</us-gaap:revenues>
INFO:root:wlp-20130930.xml,  <us-gaap:revenues contextref="D2012Q3YTD" decimals="-5" id="Fact-57AB44DF2625F90CC78D053BD9515224" unitref="usd">46175600000</us-gaap:revenues>
INFO:root:wlp-20130630.xml,  <us-gaap:earningspersharediluted contextref="FROM_Jan02_2013_TO_Jun30_2013" decimals="INF" id="ID_164" unitref="USDPerShare">5.53</us-gaap:earningspersharediluted>
INFO:root:wlp-20130630.xml,  <us-gaap:earningspersharediluted contextref="FROM_Jan01_2012_TO_Jun30_2012" decimals="INF" id="ID_194" unitref="USDPerShare">4.48</us-gaap:earningspersharediluted>
INFO:root:wlp-20130630.xml,  <us-gaap:netincomeloss contextref="FROM_Jan02_2013_TO_Jun30_2013" decimals="-5" id="ID_175" unitref="USD">1685300000</us-gaap:netincomeloss>
INFO:root:wlp-20130630.xml,  <us-gaap:revenues contextref="FROM_Jan02_2013_TO_Jun30_2013" decimals="-5" id="ID_180" unitref="USD">35482800000</us-gaap:revenues>
INFO:root:wlp-20130630.xml,  <us-gaap:revenues contextref="FROM_Jan01_2012_TO_Jun30_2012" decimals="-5" id="ID_195" unitref="USD">30822500000</us-gaap:revenues>
INFO:root:wlp-20130630.xml,  <us-gaap:netincomeloss contextref="FROM_Jan01_2012_TO_Jun30_2012" decimals="-5" id="ID_196" unitref="USD">1500100000</us-gaap:netincomeloss>
INFO:root:wlp-20130630.xml,  <us-gaap:netincomeloss contextref="FROM_Jan02_2013_TO_Jun30_2013_us-gaap_StatementEquityComponentsAxis_RetainedEarningsMember" decimals="-5" id="ID_379" unitref="USD">1685300000</us-gaap:netincomeloss>
INFO:root:wlp-20130630.xml,  <us-gaap:netincomeloss contextref="FROM_Jan01_2012_TO_Jun30_2012_us-gaap_StatementEquityComponentsAxis_RetainedEarningsMember" decimals="-5" id="ID_384" unitref="USD">1500100000</us-gaap:netincomeloss>
INFO:root:wlp-20120930.xml,  <us-gaap:earningspersharediluted contextref="FROM_Jan01_2012_TO_Sep30_2012" decimals="INF" id="ID_9965_USDPerShare_AsShown" unitref="USDPerShare">6.63</us-gaap:earningspersharediluted>
INFO:root:wlp-20120930.xml,  <us-gaap:earningspersharediluted contextref="FROM_Jan01_2011_TO_Sep30_2011" decimals="INF" id="ID_9995_USDPerShare_AsShown" unitref="USDPerShare">6.24</us-gaap:earningspersharediluted>
INFO:root:wlp-20120930.xml,  <us-gaap:netincomeloss contextref="FROM_Jan01_2012_TO_Sep30_2012" decimals="-5" id="ID_9976_USD_Millionsonedecimal" unitref="USD">2191300000</us-gaap:netincomeloss>
INFO:root:wlp-20120930.xml,  <us-gaap:revenues contextref="FROM_Jan01_2012_TO_Sep30_2012" decimals="-5" id="ID_9981_USD_Millionsonedecimal" unitref="USD">46175600000</us-gaap:revenues>
INFO:root:wlp-20120930.xml,  <us-gaap:revenues contextref="FROM_Jan01_2011_TO_Sep30_2011" decimals="-5" id="ID_9996_USD_Millionsonedecimal" unitref="USD">45393000000</us-gaap:revenues>
INFO:root:wlp-20120930.xml,  <us-gaap:netincomeloss contextref="FROM_Jan01_2011_TO_Sep30_2011" decimals="-5" id="ID_9997_USD_Millionsonedecimal" unitref="USD">2311400000</us-gaap:netincomeloss>
INFO:root:wlp-20120930.xml,  <us-gaap:netincomeloss contextref="FROM_Jan01_2012_TO_Sep30_2012_us-gaap_StatementEquityComponentsAxis_RetainedEarningsMember" decimals="-5" id="ID_11285_USD_Millionsonedecimal" unitref="USD">2191300000</us-gaap:netincomeloss>
INFO:root:wlp-20120930.xml,  <us-gaap:netincomeloss contextref="FROM_Jan01_2011_TO_Sep30_2011_us-gaap_StatementEquityComponentsAxis_RetainedEarningsMember" decimals="-5" id="ID_11290_USD_Millionsonedecimal" unitref="USD">2311400000</us-gaap:netincomeloss>
INFO:root:wlp-20120630.xml,  <us-gaap:earningspersharediluted contextref="FROM_Jan01_2012_TO_Jun30_2012" decimals="INF" id="ID_8324_USDPerShare_AsShown" unitref="USDPerShare">4.48</us-gaap:earningspersharediluted>
INFO:root:wlp-20120630.xml,  <us-gaap:earningspersharediluted contextref="FROM_Jan01_2011_TO_Jun30_2011" decimals="INF" id="ID_8363_USDPerShare_AsShown" unitref="USDPerShare">4.34</us-gaap:earningspersharediluted>
INFO:root:wlp-20120630.xml,  <us-gaap:netincomeloss contextref="FROM_Jan01_2012_TO_Jun30_2012" decimals="-5" id="ID_8338_USD_Millionsonedecimal" unitref="USD">1500100000</us-gaap:netincomeloss>
INFO:root:wlp-20120630.xml,  <us-gaap:revenues contextref="FROM_Jan01_2012_TO_Jun30_2012" decimals="-5" id="ID_8345_USD_Millionsonedecimal" unitref="USD">30822500000</us-gaap:revenues>
INFO:root:wlp-20120630.xml,  <us-gaap:revenues contextref="FROM_Jan01_2011_TO_Jun30_2011" decimals="-5" id="ID_8364_USD_Millionsonedecimal" unitref="USD">29995000000</us-gaap:revenues>
INFO:root:wlp-20120630.xml,  <us-gaap:netincomeloss contextref="FROM_Jan01_2011_TO_Jun30_2011" decimals="-5" id="ID_8365_USD_Millionsonedecimal" unitref="USD">1628200000</us-gaap:netincomeloss>
INFO:root:wlp-20120630.xml,  <us-gaap:netincomeloss contextref="FROM_Jan01_2012_TO_Jun30_2012_us-gaap_StatementEquityComponentsAxis_RetainedEarningsMember" decimals="-5" id="ID_9734_USD_Millionsonedecimal" unitref="USD">1500100000</us-gaap:netincomeloss>
INFO:root:wlp-20120630.xml,  <us-gaap:netincomeloss contextref="FROM_Jan01_2011_TO_Jun30_2011_us-gaap_StatementEquityComponentsAxis_RetainedEarningsMember" decimals="-5" id="ID_9739_USD_Millionsonedecimal" unitref="USD">1628200000</us-gaap:netincomeloss>
INFO:root:wlp-20110930.xml,  <us-gaap:earningspersharediluted contextref="Duration_1_1_2010_To_9_30_2010" decimals="2" unitref="Unit13">5.52</us-gaap:earningspersharediluted>
INFO:root:wlp-20110930.xml,  <us-gaap:earningspersharediluted contextref="Duration_1_1_2011_To_9_30_2011" decimals="2" unitref="Unit13">6.24</us-gaap:earningspersharediluted>
INFO:root:wlp-20110930.xml,  <us-gaap:netincomeloss contextref="Duration_1_1_2010_To_9_30_2010" decimals="-5" unitref="Unit12">2338300000</us-gaap:netincomeloss>
INFO:root:wlp-20110930.xml,  <us-gaap:netincomeloss contextref="Duration_1_1_2010_To_9_30_2010_us-gaap_StatementEquityComponentsAxis_us-gaap_RetainedEarningsMember" decimals="-5" unitref="Unit12">2338300000</us-gaap:netincomeloss>
INFO:root:wlp-20110930.xml,  <us-gaap:netincomeloss contextref="Duration_1_1_2011_To_9_30_2011" decimals="-5" unitref="Unit12">2311400000</us-gaap:netincomeloss>
INFO:root:wlp-20110930.xml,  <us-gaap:netincomeloss contextref="Duration_1_1_2011_To_9_30_2011_us-gaap_StatementEquityComponentsAxis_us-gaap_RetainedEarningsMember" decimals="-5" unitref="Unit12">2311400000</us-gaap:netincomeloss>
INFO:root:wlp-20110930.xml,  <us-gaap:revenues contextref="Duration_1_1_2010_To_9_30_2010" decimals="-5" unitref="Unit12">44076500000</us-gaap:revenues>
INFO:root:wlp-20110930.xml,  <us-gaap:revenues contextref="Duration_1_1_2011_To_9_30_2011" decimals="-5" unitref="Unit12">45393000000</us-gaap:revenues>
INFO:root:wlp-20110630.xml,  <us-gaap:earningspersharediluted contextref="Duration_1_1_2010_To_6_30_2010" decimals="2" unitref="Unit13">3.68</us-gaap:earningspersharediluted>
INFO:root:wlp-20110630.xml,  <us-gaap:earningspersharediluted contextref="Duration_1_1_2011_To_6_30_2011" decimals="2" unitref="Unit13">4.34</us-gaap:earningspersharediluted>
INFO:root:wlp-20110630.xml,  <us-gaap:netincomeloss contextref="Duration_1_1_2010_To_6_30_2010" decimals="-5" unitref="Unit12">1599200000</us-gaap:netincomeloss>
INFO:root:wlp-20110630.xml,  <us-gaap:netincomeloss contextref="Duration_1_1_2010_To_6_30_2010_us-gaap_StatementEquityComponentsAxis_us-gaap_RetainedEarningsMember" decimals="-5" unitref="Unit12">1599200000</us-gaap:netincomeloss>
INFO:root:wlp-20110630.xml,  <us-gaap:netincomeloss contextref="Duration_1_1_2011_To_6_30_2011" decimals="-5" unitref="Unit12">1628200000</us-gaap:netincomeloss>
INFO:root:wlp-20110630.xml,  <us-gaap:netincomeloss contextref="Duration_1_1_2011_To_6_30_2011_us-gaap_StatementEquityComponentsAxis_us-gaap_RetainedEarningsMember" decimals="-5" unitref="Unit12">1628200000</us-gaap:netincomeloss>
INFO:root:wlp-20110630.xml,  <us-gaap:revenues contextref="Duration_1_1_2010_To_6_30_2010" decimals="-5" unitref="Unit12">29504200000</us-gaap:revenues>
INFO:root:wlp-20110630.xml,  <us-gaap:revenues contextref="Duration_1_1_2011_To_6_30_2011" decimals="-5" unitref="Unit12">29995000000</us-gaap:revenues>
INFO:root:wlp-20100930.xml,  <us-gaap:earningspersharediluted contextref="Duration_1_1_2009_To_9_30_2009" decimals="2" unitref="Unit14">4.12</us-gaap:earningspersharediluted>
INFO:root:wlp-20100930.xml,  <us-gaap:earningspersharediluted contextref="Duration_1_1_2010_To_9_30_2010" decimals="2" unitref="Unit14">5.52</us-gaap:earningspersharediluted>
INFO:root:wlp-20100930.xml,  <us-gaap:netincomeloss contextref="Duration_1_1_2009_To_9_30_2009" decimals="-5" unitref="Unit12">2004100000</us-gaap:netincomeloss>
INFO:root:wlp-20100930.xml,  <us-gaap:netincomeloss contextref="Duration_1_1_2009_To_9_30_20097" decimals="-5" unitref="Unit12">2004100000</us-gaap:netincomeloss>
INFO:root:wlp-20100930.xml,  <us-gaap:netincomeloss contextref="Duration_1_1_2010_To_9_30_2010" decimals="-5" unitref="Unit12">2338300000</us-gaap:netincomeloss>
INFO:root:wlp-20100930.xml,  <us-gaap:netincomeloss contextref="Duration_1_1_2010_To_9_30_20107" decimals="-5" unitref="Unit12">2338300000</us-gaap:netincomeloss>
INFO:root:wlp-20100930.xml,  <us-gaap:revenues contextref="Duration_1_1_2009_To_9_30_2009" decimals="-5" unitref="Unit12">45981600000</us-gaap:revenues>
INFO:root:wlp-20100930.xml,  <us-gaap:revenues contextref="Duration_1_1_2010_To_9_30_2010" decimals="-5" unitref="Unit12">44153900000</us-gaap:revenues>
INFO:root:wlp-20090930.xml,  <us-gaap:earningspersharediluted contextref="eol_PE89820---0910-Q0006_STD_p3m_20080930_0" decimals="2" unitref="USDperShareItemType">1.60</us-gaap:earningspersharediluted>
INFO:root:wlp-20090930.xml,  <us-gaap:earningspersharediluted contextref="eol_PE89820---0910-Q0006_STD_p3m_20090930_0" decimals="2" unitref="USDperShareItemType">1.53</us-gaap:earningspersharediluted>
INFO:root:wlp-20090930.xml,  <us-gaap:earningspersharediluted contextref="eol_PE89820---0910-Q0006_STD_p9m_20080930_0" decimals="2" unitref="USDperShareItemType">4.09</us-gaap:earningspersharediluted>
INFO:root:wlp-20090930.xml,  <us-gaap:earningspersharediluted contextref="eol_PE89820---0910-Q0006_STD_p9m_20090930_0" decimals="2" unitref="USDperShareItemType">4.12</us-gaap:earningspersharediluted>
INFO:root:wlp-20090930.xml,  <us-gaap:netincomeloss contextref="eol_PE89820---0910-Q0006_STD_p3m_20080930_0" decimals="-5" unitref="USD">820700000</us-gaap:netincomeloss>
INFO:root:wlp-20090930.xml,  <us-gaap:revenues contextref="eol_PE89820---0910-Q0006_STD_p3m_20080930_0" decimals="-5" unitref="USD">14961000000</us-gaap:revenues>
INFO:root:wlp-20090930.xml,  <us-gaap:netincomeloss contextref="eol_PE89820---0910-Q0006_STD_p3m_20090930_0" decimals="-5" unitref="USD">730200000</us-gaap:netincomeloss>
INFO:root:wlp-20090930.xml,  <us-gaap:revenues contextref="eol_PE89820---0910-Q0006_STD_p3m_20090930_0" decimals="-5" unitref="USD">15425100000</us-gaap:revenues>
INFO:root:wlp-20090930.xml,  <us-gaap:netincomeloss contextref="eol_PE89820---0910-Q0006_STD_p9m_20080930_0" decimals="-5" unitref="USD">2159300000</us-gaap:netincomeloss>
INFO:root:wlp-20090930.xml,  <us-gaap:revenues contextref="eol_PE89820---0910-Q0006_STD_p9m_20080930_0" decimals="-5" unitref="USD">46181500000</us-gaap:revenues>
INFO:root:wlp-20090930.xml,  <us-gaap:netincomeloss contextref="eol_PE89820---0910-Q0006_STD_p9m_20080930_0_411810x410600" decimals="-5" unitref="USD">2159300000</us-gaap:netincomeloss>
INFO:root:wlp-20090930.xml,  <us-gaap:netincomeloss contextref="eol_PE89820---0910-Q0006_STD_p9m_20090930_0" decimals="-5" unitref="USD">2004100000</us-gaap:netincomeloss>
INFO:root:wlp-20090930.xml,  <us-gaap:revenues contextref="eol_PE89820---0910-Q0006_STD_p9m_20090930_0" decimals="-5" unitref="USD">45981600000</us-gaap:revenues>
INFO:root:wlp-20090930.xml,  <us-gaap:netincomeloss contextref="eol_PE89820---0910-Q0006_STD_p9m_20090930_0_411810x410600" decimals="-5" unitref="USD">2004100000</us-gaap:netincomeloss>
INFO:root:wlp-20090630.xml,  <us-gaap:earningspersharediluted contextref="eol_PE89820---0910-Q0004_STD_p3m_20080630_0" decimals="2" unitref="USDperShareItemType">1.44</us-gaap:earningspersharediluted>
INFO:root:wlp-20090630.xml,  <us-gaap:earningspersharediluted contextref="eol_PE89820---0910-Q0004_STD_p3m_20090630_0" decimals="2" unitref="USDperShareItemType">1.43</us-gaap:earningspersharediluted>
INFO:root:wlp-20090630.xml,  <us-gaap:earningspersharediluted contextref="eol_PE89820---0910-Q0004_STD_p6m_20080630_0" decimals="2" unitref="USDperShareItemType">2.50</us-gaap:earningspersharediluted>
INFO:root:wlp-20090630.xml,  <us-gaap:earningspersharediluted contextref="eol_PE89820---0910-Q0004_STD_p6m_20090630_0" decimals="2" unitref="USDperShareItemType">2.59</us-gaap:earningspersharediluted>
INFO:root:wlp-20090630.xml,  <us-gaap:netincomeloss contextref="eol_PE89820---0910-Q0004_STD_p3m_20080630_0" decimals="-5" unitref="USD">750500000</us-gaap:netincomeloss>
INFO:root:wlp-20090630.xml,  <us-gaap:revenues contextref="eol_PE89820---0910-Q0004_STD_p3m_20080630_0" decimals="-5" unitref="USD">15666800000</us-gaap:revenues>
INFO:root:wlp-20090630.xml,  <us-gaap:netincomeloss contextref="eol_PE89820---0910-Q0004_STD_p3m_20090630_0" decimals="-5" unitref="USD">693500000</us-gaap:netincomeloss>
INFO:root:wlp-20090630.xml,  <us-gaap:revenues contextref="eol_PE89820---0910-Q0004_STD_p3m_20090630_0" decimals="-5" unitref="USD">15413200000</us-gaap:revenues>
INFO:root:wlp-20090630.xml,  <us-gaap:netincomeloss contextref="eol_PE89820---0910-Q0004_STD_p6m_20080630_0" decimals="-5" unitref="USD">1338600000</us-gaap:netincomeloss>
INFO:root:wlp-20090630.xml,  <us-gaap:revenues contextref="eol_PE89820---0910-Q0004_STD_p6m_20080630_0" decimals="-5" unitref="USD">31220500000</us-gaap:revenues>
INFO:root:wlp-20090630.xml,  <us-gaap:netincomeloss contextref="eol_PE89820---0910-Q0004_STD_p6m_20080630_0_225091x223969" decimals="-5" unitref="USD">1338600000</us-gaap:netincomeloss>
INFO:root:wlp-20090630.xml,  <us-gaap:netincomeloss contextref="eol_PE89820---0910-Q0004_STD_p6m_20090630_0" decimals="-5" unitref="USD">1273900000</us-gaap:netincomeloss>
INFO:root:wlp-20090630.xml,  <us-gaap:revenues contextref="eol_PE89820---0910-Q0004_STD_p6m_20090630_0" decimals="-5" unitref="USD">30556500000</us-gaap:revenues>
INFO:root:wlp-20090630.xml,  <us-gaap:netincomeloss contextref="eol_PE89820---0910-Q0004_STD_p6m_20090630_0_225091x223969" decimals="-5" unitref="USD">1273900000</us-gaap:netincomeloss>
INFO:root:ANTM: 2019-12-07 00:00:00 - 2019-12-09 00:00:00
INFO:root:2019-12-08 23:05:52.461000
INFO:root:2019-12-19
INFO:root:2019-12-19
INFO:root:2019-12-19
INFO:root:antm-20181231.xml,  <us-gaap:netincomeloss contextref="FD2016Q4YTD_dei_LegalEntityAxis_antm_CaliforniaDepartmentOfManagedHealthCareRegulatedEntitiesMember" decimals="-6" id="Fact-A288930BFF2A554B94528A8207CB66EB" unitref="usd">775000000</us-gaap:netincomeloss>
INFO:root:antm-20181231.xml,  <us-gaap:netincomeloss contextref="FD2016Q4YTD_us-gaap_ConsolidatedEntitiesAxis_us-gaap_ParentCompanyMember" decimals="-6" id="Fact-991C3134F87C572BB674F79B578A0780" unitref="usd">2470000000</us-gaap:netincomeloss>
INFO:root:antm-20181231.xml,  <us-gaap:netincomeloss contextref="FD2016Q4YTD_us-gaap_StatementEquityComponentsAxis_us-gaap_RetainedEarningsMember" decimals="-6" id="Fact-C5F1E49DDE995930ACAF40844126608A" unitref="usd">2470000000</us-gaap:netincomeloss>
INFO:root:antm-20181231.xml,  <us-gaap:netincomeloss contextref="FD2017Q4YTD_dei_LegalEntityAxis_antm_CaliforniaDepartmentOfManagedHealthCareRegulatedEntitiesMember" decimals="-6" id="Fact-44F73B2B919059B8B42E48411A59B18D" unitref="usd">1047000000</us-gaap:netincomeloss>
INFO:root:antm-20181231.xml,  <us-gaap:netincomeloss contextref="FD2017Q4YTD_us-gaap_ConsolidatedEntitiesAxis_us-gaap_ParentCompanyMember" decimals="-6" id="Fact-C53F59F357505216BC6D93C63D079699" unitref="usd">3843000000</us-gaap:netincomeloss>
INFO:root:antm-20181231.xml,  <us-gaap:netincomeloss contextref="FD2017Q4YTD_us-gaap_StatementEquityComponentsAxis_us-gaap_RetainedEarningsMember" decimals="-6" id="Fact-EABC7B716E1251958064F83582FB7D4D" unitref="usd">3843000000</us-gaap:netincomeloss>
INFO:root:antm-20181231.xml,  <us-gaap:netincomeloss contextref="FD2018Q4YTD_dei_LegalEntityAxis_antm_CaliforniaDepartmentOfManagedHealthCareRegulatedEntitiesMember" decimals="-6" id="Fact-2998279C29905428A2812426205E5AFC" unitref="usd">789000000</us-gaap:netincomeloss>
INFO:root:antm-20181231.xml,  <us-gaap:netincomeloss contextref="FD2018Q4YTD_us-gaap_ConsolidatedEntitiesAxis_us-gaap_ParentCompanyMember" decimals="-6" id="Fact-DC9ECDF89E02542CAAB911F670122E1A" unitref="usd">3750000000</us-gaap:netincomeloss>
INFO:root:antm-20181231.xml,  <us-gaap:netincomeloss contextref="FD2018Q4YTD_us-gaap_StatementEquityComponentsAxis_us-gaap_RetainedEarningsMember" decimals="-6" id="Fact-25A34A55787851BBAF07BA093DD364CD" unitref="usd">3750000000</us-gaap:netincomeloss>
INFO:root:antm-20181231.xml,  <us-gaap:revenues contextref="FD2016Q4YTD_us-gaap_ConsolidatedEntitiesAxis_us-gaap_ParentCompanyMember" decimals="-6" id="Fact-3A66AA5F10B45FC19DCE5B209231A400" unitref="usd">-168000000</us-gaap:revenues>
INFO:root:antm-20181231.xml,  <us-gaap:revenues contextref="FD2017Q4YTD_us-gaap_ConsolidatedEntitiesAxis_us-gaap_ParentCompanyMember" decimals="-6" id="Fact-DD99FD7BEE3759C2B0BF4F39AF82EF1B" unitref="usd">39000000</us-gaap:revenues>
INFO:root:antm-20181231.xml,  <us-gaap:revenues contextref="FD2018Q4YTD_us-gaap_ConsolidatedEntitiesAxis_us-gaap_ParentCompanyMember" decimals="-6" id="Fact-9836737162B3584D9C3F06A471805193" unitref="usd">-20000000</us-gaap:revenues>
INFO:root:antm-20171231.xml,  <us-gaap:netincomeloss contextref="FD2015Q4YTD_dei_LegalEntityAxis_antm_CaliforniaDepartmentOfManagedHealthCareRegulatedEntitiesMember" decimals="-5" id="Fact-AB60A7F1CD7B5304AED7E19E4E0E7B18" unitref="usd">477500000</us-gaap:netincomeloss>
INFO:root:antm-20171231.xml,  <us-gaap:netincomeloss contextref="FD2015Q4YTD_us-gaap_ConsolidatedEntitiesAxis_us-gaap_ParentCompanyMember" decimals="-5" id="Fact-FBA5B8742B995EB89A0A3B1FA5BF0340" unitref="usd">2560000000</us-gaap:netincomeloss>
INFO:root:antm-20171231.xml,  <us-gaap:netincomeloss contextref="FD2015Q4YTD_us-gaap_StatementEquityComponentsAxis_us-gaap_RetainedEarningsMember" decimals="-5" id="Fact-3BF3DAC45D5A5997BDF119F86D4A73F8" unitref="usd">2560000000</us-gaap:netincomeloss>
INFO:root:antm-20171231.xml,  <us-gaap:netincomeloss contextref="FD2016Q4YTD_dei_LegalEntityAxis_antm_CaliforniaDepartmentOfManagedHealthCareRegulatedEntitiesMember" decimals="-5" id="Fact-5AAA37F13D22576DB9D8820A43A39662" unitref="usd">774500000</us-gaap:netincomeloss>
INFO:root:antm-20171231.xml,  <us-gaap:netincomeloss contextref="FD2016Q4YTD_us-gaap_ConsolidatedEntitiesAxis_us-gaap_ParentCompanyMember" decimals="-5" id="Fact-667A3452AB4E53318982991959B64638" unitref="usd">2469800000</us-gaap:netincomeloss>
INFO:root:antm-20171231.xml,  <us-gaap:netincomeloss contextref="FD2016Q4YTD_us-gaap_StatementEquityComponentsAxis_us-gaap_RetainedEarningsMember" decimals="-5" id="Fact-B0393BEF51FDD5C0D7FF7B1FF209A70E" unitref="usd">2469800000</us-gaap:netincomeloss>
INFO:root:antm-20171231.xml,  <us-gaap:netincomeloss contextref="FD2017Q4YTD_dei_LegalEntityAxis_antm_CaliforniaDepartmentOfManagedHealthCareRegulatedEntitiesMember" decimals="-5" id="Fact-8AB20FC1E09553BE8E4C4684836FF066" unitref="usd">1046600000</us-gaap:netincomeloss>
INFO:root:antm-20171231.xml,  <us-gaap:netincomeloss contextref="FD2017Q4YTD_us-gaap_ConsolidatedEntitiesAxis_us-gaap_ParentCompanyMember" decimals="-5" id="Fact-B59EEE694897595BA19EED321BAF5A87" unitref="usd">3842800000</us-gaap:netincomeloss>
INFO:root:antm-20171231.xml,  <us-gaap:revenues contextref="FD2015Q4YTD_us-gaap_ConsolidatedEntitiesAxis_us-gaap_ParentCompanyMember" decimals="-5" id="Fact-7A690D7410B8504BBCC16737F64378EA" unitref="usd">60200000</us-gaap:revenues>
INFO:root:antm-20171231.xml,  <us-gaap:revenues contextref="FD2016Q4YTD_us-gaap_ConsolidatedEntitiesAxis_us-gaap_ParentCompanyMember" decimals="-5" id="Fact-0F01029007365F2AA78E014DC6678104" unitref="usd">-168100000</us-gaap:revenues>
INFO:root:antm-20171231.xml,  <us-gaap:revenues contextref="FD2017Q4YTD_us-gaap_ConsolidatedEntitiesAxis_us-gaap_ParentCompanyMember" decimals="-5" id="Fact-CD095CEA4D1B5D5081294D153F0F75A9" unitref="usd">38600000</us-gaap:revenues>
INFO:root:antm-20161231.xml,  <us-gaap:netincomeloss contextref="FD2014Q4YTD_dei_LegalEntityAxis_antm_CaliforniaDepartmentOfManagedHealthCareRegulatedEntitiesMember" decimals="-5" id="Fact-C0BE1CEDD99A5AC590ADE6CB06847AAB" unitref="usd">453600000</us-gaap:netincomeloss>
INFO:root:antm-20161231.xml,  <us-gaap:netincomeloss contextref="FD2014Q4YTD_dei_LegalEntityAxis_us-gaap_ParentCompanyMember" decimals="-5" id="Fact-A7A20348AB4953458DCEE86AA3146EAA" unitref="usd">2569700000</us-gaap:netincomeloss>
INFO:root:antm-20161231.xml,  <us-gaap:netincomeloss contextref="FD2014Q4YTD_us-gaap_StatementEquityComponentsAxis_us-gaap_RetainedEarningsMember" decimals="-5" id="Fact-1E052B16DBB95115A8F1D21EFF1D7155" unitref="usd">2569700000</us-gaap:netincomeloss>
INFO:root:antm-20161231.xml,  <us-gaap:netincomeloss contextref="FD2015Q4YTD_dei_LegalEntityAxis_antm_CaliforniaDepartmentOfManagedHealthCareRegulatedEntitiesMember" decimals="-5" id="Fact-89F6F2B8045C597095F5B716413B28BB" unitref="usd">477500000</us-gaap:netincomeloss>
INFO:root:antm-20161231.xml,  <us-gaap:netincomeloss contextref="FD2015Q4YTD_dei_LegalEntityAxis_us-gaap_ParentCompanyMember" decimals="-5" id="Fact-B811E575C5A5568B8941B2C82A03B955" unitref="usd">2560000000</us-gaap:netincomeloss>
INFO:root:antm-20161231.xml,  <us-gaap:netincomeloss contextref="FD2015Q4YTD_us-gaap_StatementEquityComponentsAxis_us-gaap_RetainedEarningsMember" decimals="-5" id="Fact-470DB8463DD0590A8FBECB50F263986A" unitref="usd">2560000000</us-gaap:netincomeloss>
INFO:root:antm-20161231.xml,  <us-gaap:netincomeloss contextref="FD2016Q4YTD_dei_LegalEntityAxis_antm_CaliforniaDepartmentOfManagedHealthCareRegulatedEntitiesMember" decimals="-5" id="Fact-D4B91B86D0AA5512AB85F6EEB9AE4A8C" unitref="usd">774500000</us-gaap:netincomeloss>
INFO:root:antm-20161231.xml,  <us-gaap:netincomeloss contextref="FD2016Q4YTD_dei_LegalEntityAxis_us-gaap_ParentCompanyMember" decimals="-5" id="Fact-1CB0CE2E0E5851ED95E12CE4CDDA81F6" unitref="usd">2469800000</us-gaap:netincomeloss>
INFO:root:antm-20161231.xml,  <us-gaap:netincomeloss contextref="FD2016Q4YTD_us-gaap_StatementEquityComponentsAxis_us-gaap_RetainedEarningsMember" decimals="-5" id="Fact-7F77446AF8E95C64A868B6491B6E6116" unitref="usd">2469800000</us-gaap:netincomeloss>
INFO:root:antm-20161231.xml,  <us-gaap:revenues contextref="FD2014Q4YTD_dei_LegalEntityAxis_us-gaap_ParentCompanyMember" decimals="-5" id="Fact-85899B9AC10553F7BA51454CEAFB6C62" unitref="usd">36600000</us-gaap:revenues>
INFO:root:antm-20161231.xml,  <us-gaap:revenues contextref="FD2015Q4YTD_dei_LegalEntityAxis_us-gaap_ParentCompanyMember" decimals="-5" id="Fact-937F78A6B3C65D568C01B3E290881491" unitref="usd">60200000</us-gaap:revenues>
INFO:root:antm-20161231.xml,  <us-gaap:revenues contextref="FD2016Q4YTD_dei_LegalEntityAxis_us-gaap_ParentCompanyMember" decimals="-5" id="Fact-A97A8B8A1A185D6E8EB00B6C9E023ED6" unitref="usd">-168100000</us-gaap:revenues>
INFO:root:antm-20151231.xml,  <us-gaap:netincomeloss contextref="FD2013Q4YTD_dei_LegalEntityAxis_antm_CaliforniaDepartmentOfManagedHealthCareRegulatedEntitiesMember" decimals="-5" id="Fact-578DC2C6DFDB54F5811C3C5122DB1F01" unitref="usd">487700000</us-gaap:netincomeloss>
INFO:root:antm-20151231.xml,  <us-gaap:netincomeloss contextref="FD2013Q4YTD_dei_LegalEntityAxis_us-gaap_ParentCompanyMember" decimals="-5" id="Fact-563F8F77B01F542093ED59862EFE1CB8" unitref="usd">2489700000</us-gaap:netincomeloss>
INFO:root:antm-20151231.xml,  <us-gaap:netincomeloss contextref="FD2013Q4YTD_us-gaap_StatementEquityComponentsAxis_us-gaap_RetainedEarningsMember" decimals="-5" id="Fact-1B18AF98BC8F57B8A1F4A7F748927ADF" unitref="usd">2489700000</us-gaap:netincomeloss>
INFO:root:antm-20151231.xml,  <us-gaap:netincomeloss contextref="FD2014Q4YTD_dei_LegalEntityAxis_antm_CaliforniaDepartmentOfManagedHealthCareRegulatedEntitiesMember" decimals="-5" id="Fact-9C39A4BF28A852A7B14F7B55DF4B815B" unitref="usd">453600000</us-gaap:netincomeloss>
INFO:root:antm-20151231.xml,  <us-gaap:netincomeloss contextref="FD2014Q4YTD_dei_LegalEntityAxis_us-gaap_ParentCompanyMember" decimals="-5" id="Fact-9AC4C848E2C45072AA6BCA6CA8A9A9D7" unitref="usd">2569700000</us-gaap:netincomeloss>
INFO:root:antm-20151231.xml,  <us-gaap:netincomeloss contextref="FD2014Q4YTD_us-gaap_StatementEquityComponentsAxis_us-gaap_RetainedEarningsMember" decimals="-5" id="Fact-74189CBD2F5B532E9FA6034AE4666947" unitref="usd">2569700000</us-gaap:netincomeloss>
INFO:root:antm-20151231.xml,  <us-gaap:netincomeloss contextref="FD2015Q4YTD_dei_LegalEntityAxis_antm_CaliforniaDepartmentOfManagedHealthCareRegulatedEntitiesMember" decimals="-5" id="Fact-6843958B2C2650A4BEB677C75DFF9930" unitref="usd">477500000</us-gaap:netincomeloss>
INFO:root:antm-20151231.xml,  <us-gaap:netincomeloss contextref="FD2015Q4YTD_dei_LegalEntityAxis_us-gaap_ParentCompanyMember" decimals="-5" id="Fact-5061552658035AB69CA59A01A44BFB0D" unitref="usd">2560000000</us-gaap:netincomeloss>
INFO:root:antm-20151231.xml,  <us-gaap:netincomeloss contextref="FD2015Q4YTD_us-gaap_StatementEquityComponentsAxis_us-gaap_RetainedEarningsMember" decimals="-5" id="Fact-4CE047D2DFF35A9F946D2B920E60ECB2" unitref="usd">2560000000</us-gaap:netincomeloss>
INFO:root:antm-20151231.xml,  <us-gaap:revenues contextref="FD2013Q4YTD_dei_LegalEntityAxis_us-gaap_ParentCompanyMember" decimals="-5" id="Fact-DD88DA427BCD56CE87F3394D7C0465C8" unitref="usd">-69000000</us-gaap:revenues>
INFO:root:antm-20151231.xml,  <us-gaap:revenues contextref="FD2014Q4YTD_dei_LegalEntityAxis_us-gaap_ParentCompanyMember" decimals="-5" id="Fact-5CE9BB2FA0F159C29DB6078B29C995AD" unitref="usd">36600000</us-gaap:revenues>
INFO:root:antm-20151231.xml,  <us-gaap:revenues contextref="FD2015Q4YTD_dei_LegalEntityAxis_us-gaap_ParentCompanyMember" decimals="-5" id="Fact-1AB81FE4625750B5892F9C9BE640CA27" unitref="usd">60200000</us-gaap:revenues>
INFO:root:antm-20141231.xml,  <us-gaap:netincomeloss contextref="FD2012Q4YTD_antm_SegmentInformationByServicesAxis_antm_GovernmentBusinessSegmentMember_us-gaap_BusinessAcquisitionAxis_us-gaap_AffiliatedEntityMember" decimals="-5" id="Fact-500F827C56ADC7C03988D2E87197ABD4" unitref="usd">6100000</us-gaap:netincomeloss>
INFO:root:antm-20141231.xml,  <us-gaap:netincomeloss contextref="FD2012Q4YTD_dei_LegalEntityAxis_antm_CaliforniaDepartmentOfManagedHealthCareRegulatedEntitiesMember" decimals="-5" id="Fact-7DDD3972E462808C5566D2E876491246" unitref="usd">469700000</us-gaap:netincomeloss>
INFO:root:antm-20141231.xml,  <us-gaap:netincomeloss contextref="FD2012Q4YTD_dei_LegalEntityAxis_us-gaap_ParentCompanyMember" decimals="-5" id="Fact-51763DD59FE895319017D2E87697233E" unitref="usd">2655500000</us-gaap:netincomeloss>
INFO:root:antm-20141231.xml,  <us-gaap:netincomeloss contextref="FD2012Q4YTD_us-gaap_StatementEquityComponentsAxis_us-gaap_RetainedEarningsMember" decimals="-5" id="Fact-4FCE99F7CF7C399ABDB3D2E8713AFEF6" unitref="usd">2655500000</us-gaap:netincomeloss>
INFO:root:antm-20141231.xml,  <us-gaap:netincomeloss contextref="FD2013Q4YTD_dei_LegalEntityAxis_antm_CaliforniaDepartmentOfManagedHealthCareRegulatedEntitiesMember" decimals="-5" id="Fact-0410882412F08D8F0C88D2E876499843" unitref="usd">487700000</us-gaap:netincomeloss>
INFO:root:antm-20141231.xml,  <us-gaap:netincomeloss contextref="FD2013Q4YTD_dei_LegalEntityAxis_us-gaap_ParentCompanyMember" decimals="-5" id="Fact-B3341DE6CD1E68AE3CBAD2E87697C45F" unitref="usd">2489700000</us-gaap:netincomeloss>
INFO:root:antm-20141231.xml,  <us-gaap:netincomeloss contextref="FD2013Q4YTD_us-gaap_StatementEquityComponentsAxis_us-gaap_RetainedEarningsMember" decimals="-5" id="Fact-7A2FDE98F98C98DC043BD2E8713A2368" unitref="usd">2489700000</us-gaap:netincomeloss>
INFO:root:antm-20141231.xml,  <us-gaap:netincomeloss contextref="FD2014Q4YTD_dei_LegalEntityAxis_antm_CaliforniaDepartmentOfManagedHealthCareRegulatedEntitiesMember" decimals="-5" id="Fact-02D2C460467E10045705D2E876491049" unitref="usd">453600000</us-gaap:netincomeloss>
INFO:root:antm-20141231.xml,  <us-gaap:netincomeloss contextref="FD2014Q4YTD_dei_LegalEntityAxis_us-gaap_ParentCompanyMember" decimals="-5" id="Fact-CD41D52083E2342A979AD2E87697B955" unitref="usd">2569700000</us-gaap:netincomeloss>
INFO:root:antm-20141231.xml,  <us-gaap:netincomeloss contextref="FD2014Q4YTD_us-gaap_StatementEquityComponentsAxis_us-gaap_RetainedEarningsMember" decimals="-5" id="Fact-490B018CAE8D12022373D2E879746618" unitref="usd">2569700000</us-gaap:netincomeloss>
INFO:root:antm-20141231.xml,  <us-gaap:revenues contextref="FD2012Q4YTD_dei_LegalEntityAxis_us-gaap_ParentCompanyMember" decimals="-5" id="Fact-E0F8C9B5367AFFAF8536D2E876977015" unitref="usd">56300000</us-gaap:revenues>
INFO:root:antm-20141231.xml,  <us-gaap:revenues contextref="FD2013Q4YTD_dei_LegalEntityAxis_us-gaap_ParentCompanyMember" decimals="-5" id="Fact-083089D2CC724681E534D2E87697CFC0" unitref="usd">-69000000</us-gaap:revenues>
INFO:root:antm-20141231.xml,  <us-gaap:revenues contextref="FD2014Q4YTD_dei_LegalEntityAxis_us-gaap_ParentCompanyMember" decimals="-5" id="Fact-7ED9E8243A5786EB65D7D2E87697B09A" unitref="usd">36600000</us-gaap:revenues>
INFO:root:wlp-20131231.xml,  <us-gaap:netincomeloss contextref="FD2011Q4YTD_us-gaap_StatementEquityComponentsAxis_us-gaap_RetainedEarningsMember" decimals="-5" id="Fact-C85328D26FBCC254984324D12A649F34" unitref="usd">2646700000</us-gaap:netincomeloss>
INFO:root:wlp-20131231.xml,  <us-gaap:netincomeloss contextref="FD2013Q4YTD_us-gaap_StatementEquityComponentsAxis_us-gaap_RetainedEarningsMember" decimals="-5" id="Fact-4AF1DCF03F235F239BA124D12A6C34F6" unitref="usd">2489700000</us-gaap:netincomeloss>
INFO:root:wlp-20131231.xml,  <us-gaap:netincomeloss contextref="FD2012Q4YTD_us-gaap_StatementEquityComponentsAxis_us-gaap_RetainedEarningsMember" decimals="-5" id="Fact-6B023A8B34E0E6B5CAE924D12A35B8C4" unitref="usd">2655500000</us-gaap:netincomeloss>
INFO:root:wlp-20131231.xml,  <us-gaap:netincomeloss contextref="FD2012Q4YTD_dei_LegalEntityAxis_wlp_AmerigroupMember_wlp_SegmentInformationByServicesAxis_wlp_GovernmentBusinessSegmentMember" decimals="-5" id="Fact-FF1CBE699C6B43BC054404A49BDC292E" unitref="usd">6100000</us-gaap:netincomeloss>
INFO:root:wlp-20131231.xml,  <us-gaap:netincomeloss contextref="FD2013Q4YTD_dei_LegalEntityAxis_wlp_DhmcRegulatedEntitiesMember" decimals="-5" id="Fact-991484FBBB3C5976512904A4A22DBD34" unitref="usd">487700000</us-gaap:netincomeloss>
INFO:root:wlp-20131231.xml,  <us-gaap:netincomeloss contextref="FD2011Q4YTD_dei_LegalEntityAxis_wlp_DhmcRegulatedEntitiesMember" decimals="-5" id="Fact-74E952D711062ABDFC5604A4A22EF0AF" unitref="usd">524300000</us-gaap:netincomeloss>
INFO:root:wlp-20131231.xml,  <us-gaap:netincomeloss contextref="FD2012Q4YTD_dei_LegalEntityAxis_wlp_DhmcRegulatedEntitiesMember" decimals="-5" id="Fact-75EF4E3C26980B9CDA7104A4A22ECB32" unitref="usd">469700000</us-gaap:netincomeloss>
INFO:root:wlp-20131231.xml,  <us-gaap:netincomeloss contextref="FD2013Q4YTD_dei_LegalEntityAxis_wlp_WellpointIncMember" decimals="-5" id="Fact-81F356DE17291041F83F04A4A27E4C37" unitref="usd">2489700000</us-gaap:netincomeloss>
INFO:root:wlp-20131231.xml,  <us-gaap:netincomeloss contextref="FD2011Q4YTD_dei_LegalEntityAxis_wlp_WellpointIncMember" decimals="-5" id="Fact-CD769FC3B5268421FDB004A4A27EE5D9" unitref="usd">2646700000</us-gaap:netincomeloss>
INFO:root:wlp-20131231.xml,  <us-gaap:netincomeloss contextref="FD2012Q4YTD_dei_LegalEntityAxis_wlp_WellpointIncMember" decimals="-5" id="Fact-234472116456B890D08804A4A27C9F04" unitref="usd">2655500000</us-gaap:netincomeloss>
INFO:root:wlp-20131231.xml,  <us-gaap:revenues contextref="FD2012Q4YTD_dei_LegalEntityAxis_wlp_WellpointIncMember" decimals="-5" id="Fact-4E03EB498D1D0BE10E4704A4A27E00C6" unitref="usd">56300000</us-gaap:revenues>
INFO:root:wlp-20131231.xml,  <us-gaap:revenues contextref="FD2013Q4YTD_dei_LegalEntityAxis_wlp_WellpointIncMember" decimals="-5" id="Fact-E0A103C9D3A8FE7F7A0C04A4A27D6EEB" unitref="usd">-69000000</us-gaap:revenues>
INFO:root:wlp-20131231.xml,  <us-gaap:revenues contextref="FD2011Q4YTD_dei_LegalEntityAxis_wlp_WellpointIncMember" decimals="-5" id="Fact-01D635C3B09292FC548304A4A27FFF5E" unitref="usd">83800000</us-gaap:revenues>
INFO:root:wlp-20091231.xml,  <us-gaap:netincomeloss contextref="eol_PE89820---0910-K0009_STD_365_20071231_0_411810x410600" decimals="-5" unitref="iso4217_USD">3345400000</us-gaap:netincomeloss>
INFO:root:wlp-20091231.xml,  <us-gaap:netincomeloss contextref="eol_PE89820---0910-K0009_STD_365_20091231_0_411810x410600" decimals="-5" unitref="iso4217_USD">4745900000</us-gaap:netincomeloss>
INFO:root:wlp-20091231.xml,  <us-gaap:netincomeloss contextref="eol_PE89820---0910-K0009_STD_366_20081231_0_411810x410600" decimals="-5" unitref="iso4217_USD">2490700000</us-gaap:netincomeloss>
INFO:root:antm-20190331.xml,  <us-gaap:netincomeloss contextref="FD2018Q1YTD_us-gaap_StatementEquityComponentsAxis_us-gaap_RetainedEarningsMember" decimals="-6" id="Fact-BFF24DD046005118A75F5108CF240B7D" unitref="usd">1312000000</us-gaap:netincomeloss>
INFO:root:antm-20190331.xml,  <us-gaap:netincomeloss contextref="FD2019Q1YTD_us-gaap_StatementEquityComponentsAxis_us-gaap_RetainedEarningsMember" decimals="-6" id="Fact-FDEF7E8BEF7B5522A831CE6099324731" unitref="usd">1551000000</us-gaap:netincomeloss>
INFO:root:antm-20180930.xml,  <us-gaap:earningspersharediluted contextref="FD2017Q3YTD" decimals="2" id="Fact-2B06F6EF63BB55A2962637F5D91E26F3" unitref="usdPerShare">9.70</us-gaap:earningspersharediluted>
INFO:root:antm-20180930.xml,  <us-gaap:earningspersharediluted contextref="FD2018Q3YTD" decimals="2" id="Fact-321B0D04151757FFB7B101B1484FE885" unitref="usdPerShare">12.58</us-gaap:earningspersharediluted>
INFO:root:antm-20180930.xml,  <us-gaap:netincomeloss contextref="FD2017Q3YTD" decimals="-6" id="Fact-07E50323549B5249BF1545CBEC4A2045" unitref="usd">2612000000</us-gaap:netincomeloss>
INFO:root:antm-20180930.xml,  <us-gaap:netincomeloss contextref="FD2017Q3YTD_us-gaap_StatementEquityComponentsAxis_us-gaap_RetainedEarningsMember" decimals="-6" id="Fact-798DCD36B4A0549583F80A232EF509CC" unitref="usd">2612000000</us-gaap:netincomeloss>
INFO:root:antm-20180930.xml,  <us-gaap:netincomeloss contextref="FD2018Q3YTD" decimals="-6" id="Fact-B5F91CBE2D935BE1B887608D832E8440" unitref="usd">3325000000</us-gaap:netincomeloss>
INFO:root:antm-20180930.xml,  <us-gaap:netincomeloss contextref="FD2018Q3YTD_us-gaap_StatementEquityComponentsAxis_us-gaap_RetainedEarningsMember" decimals="-6" id="Fact-BF480DF2018752C299699EF5B44EC8F5" unitref="usd">3325000000</us-gaap:netincomeloss>
INFO:root:antm-20180930.xml,  <us-gaap:revenues contextref="FD2017Q3YTD" decimals="-6" id="Fact-1A7D07C2653B523191EC03AD23A35168" unitref="usd">67359000000</us-gaap:revenues>
INFO:root:antm-20180930.xml,  <us-gaap:revenues contextref="FD2018Q3YTD" decimals="-6" id="Fact-4A52FFF76C9554E19656B59AD469376D" unitref="usd">68732000000</us-gaap:revenues>
INFO:root:antm-20180630.xml,  <us-gaap:earningspersharediluted contextref="FD2017Q2YTD" decimals="2" id="Fact-FA2819C980E154058E6F0D9B990A71A3" unitref="usdPerShare">6.89</us-gaap:earningspersharediluted>
INFO:root:antm-20180630.xml,  <us-gaap:earningspersharediluted contextref="FD2018Q2YTD" decimals="2" id="Fact-8716F7EC930A510C89284B7E258BBADC" unitref="usdPerShare">8.97</us-gaap:earningspersharediluted>
INFO:root:antm-20180630.xml,  <us-gaap:netincomeloss contextref="FD2017Q2YTD" decimals="-5" id="Fact-85A3F851702C5EABB71747E5999AEAD6" unitref="usd">1865200000</us-gaap:netincomeloss>
INFO:root:antm-20180630.xml,  <us-gaap:netincomeloss contextref="FD2017Q2YTD_us-gaap_StatementEquityComponentsAxis_us-gaap_RetainedEarningsMember" decimals="-5" id="Fact-D102105F17DB5A5B90F472DAA6737D18" unitref="usd">1865200000</us-gaap:netincomeloss>
INFO:root:antm-20180630.xml,  <us-gaap:netincomeloss contextref="FD2018Q2YTD" decimals="-5" id="Fact-A368C1B335675467AC7B0C76F61C0222" unitref="usd">2365900000</us-gaap:netincomeloss>
INFO:root:antm-20180630.xml,  <us-gaap:netincomeloss contextref="FD2018Q2YTD_us-gaap_StatementEquityComponentsAxis_us-gaap_RetainedEarningsMember" decimals="-5" id="Fact-75B8C5E4A8C35EE19815538C8AD55669" unitref="usd">2365900000</us-gaap:netincomeloss>
INFO:root:antm-20180630.xml,  <us-gaap:revenues contextref="FD2017Q2YTD" decimals="-5" id="Fact-D0B26ED282EE5BB7AF53FC1D1696D4AD" unitref="usd">44933100000</us-gaap:revenues>
INFO:root:antm-20180630.xml,  <us-gaap:revenues contextref="FD2018Q2YTD" decimals="-5" id="Fact-DE2EA07DBD115E5C96B3535E54668050" unitref="usd">45481200000</us-gaap:revenues>
INFO:root:antm-20180331.xml,  <us-gaap:netincomeloss contextref="FD2017Q1YTD_us-gaap_StatementEquityComponentsAxis_us-gaap_RetainedEarningsMember" decimals="-5" id="Fact-B858DD04990F53849859DEA6E7798CD9" unitref="usd">1009900000</us-gaap:netincomeloss>
INFO:root:antm-20180331.xml,  <us-gaap:netincomeloss contextref="FD2018Q1YTD_us-gaap_StatementEquityComponentsAxis_us-gaap_RetainedEarningsMember" decimals="-5" id="Fact-B405E93CB09250108A39FF4E9C0CE9D3" unitref="usd">1312500000</us-gaap:netincomeloss>
INFO:root:antm-20170930.xml,  <us-gaap:earningspersharediluted contextref="FD2016Q3YTD" decimals="2" id="Fact-2336F94FD94B56D29FB1A2BE5EEA42F9" unitref="usdPerShare">7.84</us-gaap:earningspersharediluted>
INFO:root:antm-20170930.xml,  <us-gaap:earningspersharediluted contextref="FD2017Q3YTD" decimals="2" id="Fact-DAF2B11BE962562D80D6B4EB91B55A2F" unitref="usdPerShare">9.70</us-gaap:earningspersharediluted>
INFO:root:antm-20170930.xml,  <us-gaap:netincomeloss contextref="FD2016Q3YTD" decimals="-5" id="Fact-C5A66B16CB9D53959C5F003D68E136B5" unitref="usd">2101400000</us-gaap:netincomeloss>
INFO:root:antm-20170930.xml,  <us-gaap:netincomeloss contextref="FD2016Q3YTD_us-gaap_StatementEquityComponentsAxis_us-gaap_RetainedEarningsMember" decimals="-5" id="Fact-117B8256C25450169D2909F4743CDB15" unitref="usd">2101400000</us-gaap:netincomeloss>
INFO:root:antm-20170930.xml,  <us-gaap:netincomeloss contextref="FD2017Q3YTD" decimals="-5" id="Fact-9ECDAA004BFE59E0B9ED7A060DD059A2" unitref="usd">2612100000</us-gaap:netincomeloss>
INFO:root:antm-20170930.xml,  <us-gaap:netincomeloss contextref="FD2017Q3YTD_us-gaap_StatementEquityComponentsAxis_us-gaap_RetainedEarningsMember" decimals="-5" id="Fact-9D34EB86A5735B80B8C92A5087981906" unitref="usd">2612100000</us-gaap:netincomeloss>
INFO:root:antm-20170930.xml,  <us-gaap:revenues contextref="FD2016Q3YTD" decimals="-5" id="Fact-453D0FD318B6501CB17EE45754A5FD37" unitref="usd">63148600000</us-gaap:revenues>
INFO:root:antm-20170930.xml,  <us-gaap:revenues contextref="FD2017Q3YTD" decimals="-5" id="Fact-BC52127C8D75513E8696EB6C0D96A21E" unitref="usd">67359100000</us-gaap:revenues>
INFO:root:antm-20170630.xml,  <us-gaap:earningspersharediluted contextref="FD2016Q2YTD" decimals="2" id="Fact-A46D5999B9EE7002D961CAF6782E419B" unitref="usdPerShare">5.54</us-gaap:earningspersharediluted>
INFO:root:antm-20170630.xml,  <us-gaap:earningspersharediluted contextref="FD2017Q2YTD" decimals="2" id="Fact-D1C1BA36FD92EAE98C54CAF6782E9BB2" unitref="usdPerShare">6.89</us-gaap:earningspersharediluted>
INFO:root:antm-20170630.xml,  <us-gaap:netincomeloss contextref="FD2016Q2YTD" decimals="-5" id="Fact-340600BA0DC2FE894776CAF6782FBCE3" unitref="usd">1483600000</us-gaap:netincomeloss>
INFO:root:antm-20170630.xml,  <us-gaap:netincomeloss contextref="FD2016Q2YTD_us-gaap_StatementEquityComponentsAxis_us-gaap_RetainedEarningsMember" decimals="-5" id="Fact-6FB42909CF37EC8FE183CAF6780FA59E" unitref="usd">1483600000</us-gaap:netincomeloss>
INFO:root:antm-20170630.xml,  <us-gaap:netincomeloss contextref="FD2017Q2YTD" decimals="-5" id="Fact-582B539BCADE99578A02CAF6781EF0D3" unitref="usd">1865200000</us-gaap:netincomeloss>
INFO:root:antm-20170630.xml,  <us-gaap:netincomeloss contextref="FD2017Q2YTD_us-gaap_StatementEquityComponentsAxis_us-gaap_RetainedEarningsMember" decimals="-5" id="Fact-0C13EA3F23D996F92D8DCAF6780F4B12" unitref="usd">1865200000</us-gaap:netincomeloss>
INFO:root:antm-20170630.xml,  <us-gaap:revenues contextref="FD2016Q2YTD" decimals="-5" id="Fact-3740CD5AD07CFEEC54FACAF6782E530C" unitref="usd">41744700000</us-gaap:revenues>
INFO:root:antm-20170630.xml,  <us-gaap:revenues contextref="FD2017Q2YTD" decimals="-5" id="Fact-058429851A215B1DCD5BCAF6781E425E" unitref="usd">44933100000</us-gaap:revenues>
INFO:root:antm-20170331.xml,  <us-gaap:netincomeloss contextref="FD2016Q1YTD_us-gaap_StatementEquityComponentsAxis_us-gaap_RetainedEarningsMember" decimals="-5" id="Fact-BB5D48FF708753F5BFBC40AE690A57C7" unitref="usd">703000000</us-gaap:netincomeloss>
INFO:root:antm-20170331.xml,  <us-gaap:netincomeloss contextref="FD2017Q1YTD_us-gaap_StatementEquityComponentsAxis_us-gaap_RetainedEarningsMember" decimals="-5" id="Fact-351385E41B735929BBAB82C03C6C4867" unitref="usd">1009900000</us-gaap:netincomeloss>
INFO:root:antm-20160930.xml,  <us-gaap:earningspersharediluted contextref="FD2015Q3YTD" decimals="2" id="Fact-3801809D4F935F239C3E55DDBD4CB3C0" unitref="usdPerShare">8.66</us-gaap:earningspersharediluted>
INFO:root:antm-20160930.xml,  <us-gaap:earningspersharediluted contextref="FD2016Q3YTD" decimals="2" id="Fact-114C6250F353510AAE5918EBBFCC2121" unitref="usdPerShare">7.84</us-gaap:earningspersharediluted>
INFO:root:antm-20160930.xml,  <us-gaap:netincomeloss contextref="FD2015Q3YTD" decimals="-5" id="Fact-FE6D9EAF69175296AAAA49D2CD9C8CE8" unitref="usd">2379100000</us-gaap:netincomeloss>
INFO:root:antm-20160930.xml,  <us-gaap:netincomeloss contextref="FD2015Q3YTD_us-gaap_StatementEquityComponentsAxis_us-gaap_RetainedEarningsMember" decimals="-5" id="Fact-E58EE3132C6A54D3B70795843B21B9A2" unitref="usd">2379100000</us-gaap:netincomeloss>
INFO:root:antm-20160930.xml,  <us-gaap:netincomeloss contextref="FD2016Q3YTD" decimals="-5" id="Fact-BF2CAABFE67B53439C251A98578B2638" unitref="usd">2101400000</us-gaap:netincomeloss>
INFO:root:antm-20160930.xml,  <us-gaap:netincomeloss contextref="FD2016Q3YTD_us-gaap_StatementEquityComponentsAxis_us-gaap_RetainedEarningsMember" decimals="-5" id="Fact-8485C1FA28AF5D0980AA9C6DB316222E" unitref="usd">2101400000</us-gaap:netincomeloss>
INFO:root:antm-20160930.xml,  <us-gaap:revenues contextref="FD2015Q3YTD" decimals="-5" id="Fact-6BCFEF84ABE75A2C9F6754446C192D6C" unitref="usd">58968600000</us-gaap:revenues>
INFO:root:antm-20160930.xml,  <us-gaap:revenues contextref="FD2016Q3YTD" decimals="-5" id="Fact-4E6CF29B50DC503F9ED31D634BD2AA33" unitref="usd">63148600000</us-gaap:revenues>
INFO:root:antm-20160630.xml,  <us-gaap:earningspersharediluted contextref="FD2015Q2YTD" decimals="2" id="Fact-C7CDBF4500C955E7B4018B7C4F474F1D" unitref="usdPerShare">6.22</us-gaap:earningspersharediluted>
INFO:root:antm-20160630.xml,  <us-gaap:earningspersharediluted contextref="FD2016Q2YTD" decimals="2" id="Fact-0F58006C6BB95EB18A65796250B6BADE" unitref="usdPerShare">5.54</us-gaap:earningspersharediluted>
INFO:root:antm-20160630.xml,  <us-gaap:netincomeloss contextref="FD2015Q2YTD" decimals="-5" id="Fact-6FF7549056DF568C9BB8E5479796021F" unitref="usd">1724300000</us-gaap:netincomeloss>
INFO:root:antm-20160630.xml,  <us-gaap:netincomeloss contextref="FD2015Q2YTD_us-gaap_StatementEquityComponentsAxis_us-gaap_RetainedEarningsMember" decimals="-5" id="Fact-0070EDACB5F75051A156E837EFB6086A" unitref="usd">1724300000</us-gaap:netincomeloss>
INFO:root:antm-20160630.xml,  <us-gaap:netincomeloss contextref="FD2016Q2YTD" decimals="-5" id="Fact-459BE8A6B71A53558393A2A0A83E918E" unitref="usd">1483600000</us-gaap:netincomeloss>
INFO:root:antm-20160630.xml,  <us-gaap:netincomeloss contextref="FD2016Q2YTD_us-gaap_StatementEquityComponentsAxis_us-gaap_RetainedEarningsMember" decimals="-5" id="Fact-BDB5F4CB1D3A5B9FA4B49E376227568E" unitref="usd">1483600000</us-gaap:netincomeloss>
INFO:root:antm-20160630.xml,  <us-gaap:revenues contextref="FD2015Q2YTD" decimals="-5" id="Fact-1E16309ED5285DC490A7D064FE312F9F" unitref="usd">39067000000</us-gaap:revenues>
INFO:root:antm-20160630.xml,  <us-gaap:revenues contextref="FD2016Q2YTD" decimals="-5" id="Fact-81367709F11E53C59AC1573A7A1424D6" unitref="usd">41744700000</us-gaap:revenues>
INFO:root:antm-20160331.xml,  <us-gaap:netincomeloss contextref="FD2015Q1YTD_us-gaap_StatementEquityComponentsAxis_us-gaap_RetainedEarningsMember" decimals="-5" id="Fact-EEA041AD737B5FEB90686DD9B3F42652" unitref="usd">865200000</us-gaap:netincomeloss>
INFO:root:antm-20160331.xml,  <us-gaap:netincomeloss contextref="FD2016Q1YTD_us-gaap_StatementEquityComponentsAxis_us-gaap_RetainedEarningsMember" decimals="-5" id="Fact-E3AD78C4FBFC59748C0634984916A767" unitref="usd">703000000</us-gaap:netincomeloss>
INFO:root:antm-20150930.xml,  <us-gaap:earningspersharediluted contextref="FD2014Q3YTD" decimals="2" id="Fact-347967E2D8C9AEEF469EE1C86DA274BA" unitref="usdPerShare">7.18</us-gaap:earningspersharediluted>
INFO:root:antm-20150930.xml,  <us-gaap:earningspersharediluted contextref="FD2015Q3YTD" decimals="2" id="Fact-2BFBEE3A5FC1343DFACBE1C86E99B30B" unitref="usdPerShare">8.66</us-gaap:earningspersharediluted>
INFO:root:antm-20150930.xml,  <us-gaap:incomelossfromcontinuingoperationsperdilutedshare contextref="FD2014Q3YTD" decimals="2" id="Fact-80DAC932B7FF46237062E1C86F3BE992" unitref="usdPerShare">7.15</us-gaap:incomelossfromcontinuingoperationsperdilutedshare>
INFO:root:antm-20150930.xml,  <us-gaap:incomelossfromcontinuingoperationsperdilutedshare contextref="FD2015Q3YTD" decimals="2" id="Fact-3DE4679E0531E1DD153BE1C86F2EACB7" unitref="usdPerShare">8.66</us-gaap:incomelossfromcontinuingoperationsperdilutedshare>
INFO:root:antm-20150930.xml,  <us-gaap:netincomeloss contextref="FD2014Q3YTD" decimals="-5" id="Fact-D3ADE76465B2BB3E25B2E1C86E667B37" unitref="usd">2063000000</us-gaap:netincomeloss>
INFO:root:antm-20150930.xml,  <us-gaap:netincomeloss contextref="FD2014Q3YTD_us-gaap_StatementEquityComponentsAxis_us-gaap_RetainedEarningsMember" decimals="-5" id="Fact-9C2C6F8A0E229613A27AE1C86CD989CF" unitref="usd">2063000000</us-gaap:netincomeloss>
INFO:root:antm-20150930.xml,  <us-gaap:netincomeloss contextref="FD2015Q3YTD" decimals="-5" id="Fact-FDFF1099FC58942B698FE1C86DE02F66" unitref="usd">2379100000</us-gaap:netincomeloss>
INFO:root:antm-20150930.xml,  <us-gaap:netincomeloss contextref="FD2015Q3YTD_us-gaap_StatementEquityComponentsAxis_us-gaap_RetainedEarningsMember" decimals="-5" id="Fact-98CA649CBD2D0B9BE6F4E1C86CB5A962" unitref="usd">2379100000</us-gaap:netincomeloss>
INFO:root:antm-20150930.xml,  <us-gaap:revenues contextref="FD2014Q3YTD" decimals="-5" id="Fact-7EAF70CF538BF517971FE1C86F539ED2" unitref="usd">54889800000</us-gaap:revenues>
INFO:root:antm-20150930.xml,  <us-gaap:revenues contextref="FD2015Q3YTD" decimals="-5" id="Fact-7ADBBF05E2440E34107BE1C86F3E2B05" unitref="usd">58968600000</us-gaap:revenues>
INFO:root:antm-20150630.xml,  <us-gaap:earningspersharediluted contextref="FD2014Q2YTD" decimals="2" id="Fact-7FC828228FD7241871ED7C14C094D80E" unitref="usdPerShare">4.95</us-gaap:earningspersharediluted>
INFO:root:antm-20150630.xml,  <us-gaap:earningspersharediluted contextref="FD2015Q2YTD" decimals="2" id="Fact-77891081F7AC95301D357C14C0902B6C" unitref="usdPerShare">6.22</us-gaap:earningspersharediluted>
INFO:root:antm-20150630.xml,  <us-gaap:incomelossfromcontinuingoperationsperdilutedshare contextref="FD2014Q2YTD" decimals="2" id="Fact-B0B23D6A6DBEEF0BA86E7C14C0922915" unitref="usdPerShare">4.92</us-gaap:incomelossfromcontinuingoperationsperdilutedshare>
INFO:root:antm-20150630.xml,  <us-gaap:incomelossfromcontinuingoperationsperdilutedshare contextref="FD2015Q2YTD" decimals="2" id="Fact-A984133DBDAE506FB6E57C14C08E4571" unitref="usdPerShare">6.22</us-gaap:incomelossfromcontinuingoperationsperdilutedshare>
INFO:root:antm-20150630.xml,  <us-gaap:netincomeloss contextref="FD2014Q2YTD" decimals="-5" id="Fact-7C05A3BD32E544CF7E0A7C14C0952405" unitref="usd">1432100000</us-gaap:netincomeloss>
INFO:root:antm-20150630.xml,  <us-gaap:netincomeloss contextref="FD2014Q2YTD_us-gaap_StatementEquityComponentsAxis_us-gaap_RetainedEarningsMember" decimals="-5" id="Fact-7D52A076741E6F499DE87C14C0817B1A" unitref="usd">1432100000</us-gaap:netincomeloss>
INFO:root:antm-20150630.xml,  <us-gaap:netincomeloss contextref="FD2015Q2YTD" decimals="-5" id="Fact-27BEDBF6F595C90EF6EF7C14C0957580" unitref="usd">1724300000</us-gaap:netincomeloss>
INFO:root:antm-20150630.xml,  <us-gaap:netincomeloss contextref="FD2015Q2YTD_us-gaap_StatementEquityComponentsAxis_us-gaap_RetainedEarningsMember" decimals="-5" id="Fact-829ECDFD189739CB23A77C14C0934FD3" unitref="usd">1724300000</us-gaap:netincomeloss>
INFO:root:antm-20150630.xml,  <us-gaap:revenues contextref="FD2014Q2YTD" decimals="-5" id="Fact-E595C8C25E703B3463BB7C14C0859BE1" unitref="usd">36332800000</us-gaap:revenues>
INFO:root:antm-20150630.xml,  <us-gaap:revenues contextref="FD2015Q2YTD" decimals="-5" id="Fact-FF22A014FBC937AB7E557C14C095A578" unitref="usd">39067000000</us-gaap:revenues>
INFO:root:antm-20150331.xml,  <us-gaap:netincomeloss contextref="FD2014Q1YTD_us-gaap_StatementEquityComponentsAxis_us-gaap_RetainedEarningsMember" decimals="-5" id="Fact-2C817DF16EB22BFD894FDC15E5BCB3D0" unitref="usd">701000000</us-gaap:netincomeloss>
INFO:root:antm-20150331.xml,  <us-gaap:netincomeloss contextref="FD2015Q1YTD_us-gaap_StatementEquityComponentsAxis_us-gaap_RetainedEarningsMember" decimals="-5" id="Fact-A5E0C5A36FAF60C0B5E1DC15E7656EA2" unitref="usd">865200000</us-gaap:netincomeloss>
INFO:root:wlp-20140930.xml,  <us-gaap:earningspersharediluted contextref="FD2014Q3YTD" decimals="2" id="Fact-3DEB52B87F6958B5BAF3B5F296CE03D2" unitref="usdPerShare">7.18</us-gaap:earningspersharediluted>
INFO:root:wlp-20140930.xml,  <us-gaap:earningspersharediluted contextref="FD2013Q3YTD" decimals="2" id="Fact-86D941EC06645661A99361F0DEE57FAB" unitref="usdPerShare">7.69</us-gaap:earningspersharediluted>
INFO:root:wlp-20140930.xml,  <us-gaap:incomelossfromcontinuingoperationsperdilutedshare contextref="FD2014Q3YTD" decimals="2" id="Fact-E3F522A37F38557D951107491BF5D192" unitref="usdPerShare">7.15</us-gaap:incomelossfromcontinuingoperationsperdilutedshare>
INFO:root:wlp-20140930.xml,  <us-gaap:incomelossfromcontinuingoperationsperdilutedshare contextref="FD2013Q3YTD" decimals="2" id="Fact-43D1947BEAD35B26B324C60E2D8599A2" unitref="usdPerShare">7.64</us-gaap:incomelossfromcontinuingoperationsperdilutedshare>
INFO:root:wlp-20140930.xml,  <us-gaap:netincomeloss contextref="FD2013Q3YTD" decimals="-5" id="Fact-C5C3434D42DF5DB1BD4912754041A354" unitref="usd">2341500000</us-gaap:netincomeloss>
INFO:root:wlp-20140930.xml,  <us-gaap:netincomeloss contextref="FD2014Q3YTD" decimals="-5" id="Fact-990691A02E78532BAECC14B104B14D61" unitref="usd">2063000000</us-gaap:netincomeloss>
INFO:root:wlp-20140930.xml,  <us-gaap:netincomeloss contextref="FD2014Q3YTD_us-gaap_StatementEquityComponentsAxis_us-gaap_RetainedEarningsMember" decimals="-5" id="Fact-BAD35D39C1295F5350581511414B9A4A" unitref="usd">2063000000</us-gaap:netincomeloss>
INFO:root:wlp-20140930.xml,  <us-gaap:netincomeloss contextref="FD2013Q3YTD_us-gaap_StatementEquityComponentsAxis_us-gaap_RetainedEarningsMember" decimals="-5" id="Fact-21CA7830049A55F5800321B620F2EE4C" unitref="usd">2341500000</us-gaap:netincomeloss>
INFO:root:wlp-20140930.xml,  <us-gaap:revenues contextref="FD2014Q3YTD" decimals="-5" id="Fact-DC85FD00298B55218925B5B2DC805535" unitref="usd">54889800000</us-gaap:revenues>
INFO:root:wlp-20140930.xml,  <us-gaap:revenues contextref="FD2013Q3YTD" decimals="-5" id="Fact-4ECC871334575A8D8214E0C88DC7F179" unitref="usd">53121800000</us-gaap:revenues>
INFO:root:wlp-20140630.xml,  <us-gaap:earningspersharediluted contextref="FD2014Q2YTD" decimals="2" id="Fact-5B95E703F77A07A66B80AA38A6603132" unitref="usdPerShare">4.95</us-gaap:earningspersharediluted>
INFO:root:wlp-20140630.xml,  <us-gaap:earningspersharediluted contextref="FD2013Q2YTD" decimals="2" id="Fact-315F1CD678DDC2DAA27CAA38A4088883" unitref="usdPerShare">5.53</us-gaap:earningspersharediluted>
INFO:root:wlp-20140630.xml,  <us-gaap:incomelossfromcontinuingoperationsperdilutedshare contextref="FD2014Q2YTD" decimals="2" id="Fact-4C0BEBBBC2A90F5D9276AA38A408D98C" unitref="usdPerShare">4.92</us-gaap:incomelossfromcontinuingoperationsperdilutedshare>
INFO:root:wlp-20140630.xml,  <us-gaap:incomelossfromcontinuingoperationsperdilutedshare contextref="FD2013Q2YTD" decimals="2" id="Fact-874F45D065B706606C65AA38A66086FE" unitref="usdPerShare">5.49</us-gaap:incomelossfromcontinuingoperationsperdilutedshare>
INFO:root:wlp-20140630.xml,  <us-gaap:netincomeloss contextref="FD2013Q2YTD" decimals="-5" id="Fact-32E63200AD7BCBCBE3E0AA38A660A6DE" unitref="usd">1685300000</us-gaap:netincomeloss>
INFO:root:wlp-20140630.xml,  <us-gaap:netincomeloss contextref="FD2014Q2YTD" decimals="-5" id="Fact-E39320B437335FC1AEC3AA38A67451D6" unitref="usd">1432100000</us-gaap:netincomeloss>
INFO:root:wlp-20140630.xml,  <us-gaap:netincomeloss contextref="FD2014Q2YTD_us-gaap_StatementEquityComponentsAxis_us-gaap_RetainedEarningsMember" decimals="-5" id="Fact-5D6FEB01A5454E3916C5AA38A55C6346" unitref="usd">1432100000</us-gaap:netincomeloss>
INFO:root:wlp-20140630.xml,  <us-gaap:netincomeloss contextref="FD2013Q2YTD_us-gaap_StatementEquityComponentsAxis_us-gaap_RetainedEarningsMember" decimals="-5" id="Fact-CB3782616C758D4A34A1AA38A54843AA" unitref="usd">1685300000</us-gaap:netincomeloss>
INFO:root:wlp-20140630.xml,  <us-gaap:revenues contextref="FD2014Q2YTD" decimals="-5" id="Fact-C41915BF9C5A7132F5D3AA38A6D826DF" unitref="usd">36332800000</us-gaap:revenues>
INFO:root:wlp-20140630.xml,  <us-gaap:revenues contextref="FD2013Q2YTD" decimals="-5" id="Fact-7EEEFABCA361D50C60ADAA38A65628A7" unitref="usd">35266300000</us-gaap:revenues>
INFO:root:2019-12-19
INFO:root:antm-20181231.xml,  <us-gaap:netincomeloss contextref="FD2016Q4YTD_dei_LegalEntityAxis_antm_CaliforniaDepartmentOfManagedHealthCareRegulatedEntitiesMember" decimals="-6" id="Fact-A288930BFF2A554B94528A8207CB66EB" unitref="usd">775000000</us-gaap:netincomeloss>
INFO:root:antm-20181231.xml,  <us-gaap:netincomeloss contextref="FD2016Q4YTD_us-gaap_ConsolidatedEntitiesAxis_us-gaap_ParentCompanyMember" decimals="-6" id="Fact-991C3134F87C572BB674F79B578A0780" unitref="usd">2470000000</us-gaap:netincomeloss>
INFO:root:antm-20181231.xml,  <us-gaap:netincomeloss contextref="FD2016Q4YTD_us-gaap_StatementEquityComponentsAxis_us-gaap_RetainedEarningsMember" decimals="-6" id="Fact-C5F1E49DDE995930ACAF40844126608A" unitref="usd">2470000000</us-gaap:netincomeloss>
INFO:root:antm-20181231.xml,  <us-gaap:netincomeloss contextref="FD2017Q4YTD_dei_LegalEntityAxis_antm_CaliforniaDepartmentOfManagedHealthCareRegulatedEntitiesMember" decimals="-6" id="Fact-44F73B2B919059B8B42E48411A59B18D" unitref="usd">1047000000</us-gaap:netincomeloss>
INFO:root:antm-20181231.xml,  <us-gaap:netincomeloss contextref="FD2017Q4YTD_us-gaap_ConsolidatedEntitiesAxis_us-gaap_ParentCompanyMember" decimals="-6" id="Fact-C53F59F357505216BC6D93C63D079699" unitref="usd">3843000000</us-gaap:netincomeloss>
INFO:root:antm-20181231.xml,  <us-gaap:netincomeloss contextref="FD2017Q4YTD_us-gaap_StatementEquityComponentsAxis_us-gaap_RetainedEarningsMember" decimals="-6" id="Fact-EABC7B716E1251958064F83582FB7D4D" unitref="usd">3843000000</us-gaap:netincomeloss>
INFO:root:antm-20181231.xml,  <us-gaap:netincomeloss contextref="FD2018Q4YTD_dei_LegalEntityAxis_antm_CaliforniaDepartmentOfManagedHealthCareRegulatedEntitiesMember" decimals="-6" id="Fact-2998279C29905428A2812426205E5AFC" unitref="usd">789000000</us-gaap:netincomeloss>
INFO:root:antm-20181231.xml,  <us-gaap:netincomeloss contextref="FD2018Q4YTD_us-gaap_ConsolidatedEntitiesAxis_us-gaap_ParentCompanyMember" decimals="-6" id="Fact-DC9ECDF89E02542CAAB911F670122E1A" unitref="usd">3750000000</us-gaap:netincomeloss>
INFO:root:antm-20181231.xml,  <us-gaap:netincomeloss contextref="FD2018Q4YTD_us-gaap_StatementEquityComponentsAxis_us-gaap_RetainedEarningsMember" decimals="-6" id="Fact-25A34A55787851BBAF07BA093DD364CD" unitref="usd">3750000000</us-gaap:netincomeloss>
INFO:root:antm-20181231.xml,  <us-gaap:revenues contextref="FD2016Q4YTD_us-gaap_ConsolidatedEntitiesAxis_us-gaap_ParentCompanyMember" decimals="-6" id="Fact-3A66AA5F10B45FC19DCE5B209231A400" unitref="usd">-168000000</us-gaap:revenues>
INFO:root:antm-20181231.xml,  <us-gaap:revenues contextref="FD2017Q4YTD_us-gaap_ConsolidatedEntitiesAxis_us-gaap_ParentCompanyMember" decimals="-6" id="Fact-DD99FD7BEE3759C2B0BF4F39AF82EF1B" unitref="usd">39000000</us-gaap:revenues>
INFO:root:antm-20181231.xml,  <us-gaap:revenues contextref="FD2018Q4YTD_us-gaap_ConsolidatedEntitiesAxis_us-gaap_ParentCompanyMember" decimals="-6" id="Fact-9836737162B3584D9C3F06A471805193" unitref="usd">-20000000</us-gaap:revenues>
INFO:root:2019-12-21
INFO:root:ayx-20181231.xml,  <us-gaap:earningspersharediluted contextref="FD2018Q1QTD_us-gaap_AdjustmentsForNewAccountingPronouncementsAxis_us-gaap_AccountingStandardsUpdate201409Member_us-gaap_InitialApplicationPeriodCumulativeEffectTransitionAxis_us-gaap_DifferenceBetweenRevenueGuidanceInEffectBeforeAndAfterTopic606Member" decimals="2" id="Fact-F413799574552D6914823AC3BC05D27C" unitref="usdPerShare">0.17</us-gaap:earningspersharediluted>
INFO:root:ayx-20181231.xml,  <us-gaap:earningspersharediluted contextref="FD2018Q1QTD_us-gaap_InitialApplicationPeriodCumulativeEffectTransitionAxis_us-gaap_CalculatedUnderRevenueGuidanceInEffectBeforeTopic606Member" decimals="2" id="Fact-A37AD3994ABD2EDAC7043AC32CAFF270" unitref="usdPerShare">-0.09</us-gaap:earningspersharediluted>
INFO:root:ayx-20181231.xml,  <us-gaap:earningspersharediluted contextref="FD2018Q2QTD_us-gaap_AdjustmentsForNewAccountingPronouncementsAxis_us-gaap_AccountingStandardsUpdate201409Member_us-gaap_InitialApplicationPeriodCumulativeEffectTransitionAxis_us-gaap_DifferenceBetweenRevenueGuidanceInEffectBeforeAndAfterTopic606Member" decimals="2" id="Fact-8EA8B4A4FF76A3D95E7D3ACC27FF76C0" unitref="usdPerShare">0.02</us-gaap:earningspersharediluted>
INFO:root:ayx-20181231.xml,  <us-gaap:earningspersharediluted contextref="FD2018Q2QTD_us-gaap_InitialApplicationPeriodCumulativeEffectTransitionAxis_us-gaap_CalculatedUnderRevenueGuidanceInEffectBeforeTopic606Member" decimals="2" id="Fact-E5206BE7BA82874F74973ACC2569EEFC" unitref="usdPerShare">-0.09</us-gaap:earningspersharediluted>
INFO:root:ayx-20181231.xml,  <us-gaap:earningspersharediluted contextref="FD2018Q3QTD_us-gaap_AdjustmentsForNewAccountingPronouncementsAxis_us-gaap_AccountingStandardsUpdate201409Member_us-gaap_InitialApplicationPeriodCumulativeEffectTransitionAxis_us-gaap_DifferenceBetweenRevenueGuidanceInEffectBeforeAndAfterTopic606Member" decimals="2" id="Fact-FF715FCD31AAE5DA239E3ACCA2F0DBCA" unitref="usdPerShare">0.17</us-gaap:earningspersharediluted>
INFO:root:ayx-20181231.xml,  <us-gaap:earningspersharediluted contextref="FD2018Q3QTD_us-gaap_InitialApplicationPeriodCumulativeEffectTransitionAxis_us-gaap_CalculatedUnderRevenueGuidanceInEffectBeforeTopic606Member" decimals="2" id="Fact-F02B01819BB92D47EFF13ACCA08AA756" unitref="usdPerShare">0.00</us-gaap:earningspersharediluted>
INFO:root:ayx-20181231.xml,  <us-gaap:earningspersharediluted contextref="FD2018Q4YTD_us-gaap_AdjustmentsForNewAccountingPronouncementsAxis_us-gaap_AccountingStandardsUpdate201409Member_us-gaap_InitialApplicationPeriodCumulativeEffectTransitionAxis_us-gaap_DifferenceBetweenRevenueGuidanceInEffectBeforeAndAfterTopic606Member" decimals="2" id="Fact-4FB5924A7BD40D81CA7011408679291F" unitref="usdPerShare">0.72</us-gaap:earningspersharediluted>
INFO:root:ayx-20181231.xml,  <us-gaap:earningspersharediluted contextref="FD2018Q4YTD_us-gaap_InitialApplicationPeriodCumulativeEffectTransitionAxis_us-gaap_CalculatedUnderRevenueGuidanceInEffectBeforeTopic606Member" decimals="2" id="Fact-678685CE099523712160114088720000" unitref="usdPerShare">-0.29</us-gaap:earningspersharediluted>
INFO:root:ayx-20181231.xml,  <us-gaap:netincomeloss contextref="FD2016Q4YTD_us-gaap_StatementEquityComponentsAxis_us-gaap_RetainedEarningsMember" decimals="-3" id="Fact-BD4AD71987F52C745130AEE76B483AB7" unitref="usd">-24258000</us-gaap:netincomeloss>
INFO:root:ayx-20181231.xml,  <us-gaap:netincomeloss contextref="FD2017Q4YTD_us-gaap_StatementEquityComponentsAxis_us-gaap_RetainedEarningsMember" decimals="-3" id="Fact-A2C2B78ADBA1B2C7D916AEE89E690ACB" unitref="usd">-17499000</us-gaap:netincomeloss>
INFO:root:ayx-20181231.xml,  <us-gaap:netincomeloss contextref="FD2018Q1QTD_us-gaap_AdjustmentsForNewAccountingPronouncementsAxis_us-gaap_AccountingStandardsUpdate201409Member_us-gaap_InitialApplicationPeriodCumulativeEffectTransitionAxis_us-gaap_DifferenceBetweenRevenueGuidanceInEffectBeforeAndAfterTopic606Member" decimals="-3" id="Fact-AB9BB3012CF21E72D1363AC3BA946256" unitref="usd">10083000</us-gaap:netincomeloss>
INFO:root:ayx-20181231.xml,  <us-gaap:netincomeloss contextref="FD2018Q1QTD_us-gaap_InitialApplicationPeriodCumulativeEffectTransitionAxis_us-gaap_CalculatedUnderRevenueGuidanceInEffectBeforeTopic606Member" decimals="-3" id="Fact-E0E73A4A2B7B6CF013E93AC2ED37C222" unitref="usd">-5186000</us-gaap:netincomeloss>
INFO:root:ayx-20181231.xml,  <us-gaap:netincomeloss contextref="FD2018Q2QTD_us-gaap_AdjustmentsForNewAccountingPronouncementsAxis_us-gaap_AccountingStandardsUpdate201409Member_us-gaap_InitialApplicationPeriodCumulativeEffectTransitionAxis_us-gaap_DifferenceBetweenRevenueGuidanceInEffectBeforeAndAfterTopic606Member" decimals="-3" id="Fact-48931A77472F1C35B6A53ACC21D3EE0F" unitref="usd">1056000</us-gaap:netincomeloss>
INFO:root:ayx-20181231.xml,  <us-gaap:netincomeloss contextref="FD2018Q2QTD_us-gaap_InitialApplicationPeriodCumulativeEffectTransitionAxis_us-gaap_CalculatedUnderRevenueGuidanceInEffectBeforeTopic606Member" decimals="-3" id="Fact-E6C518FFD878ABF0826F3ACC1F5052CC" unitref="usd">-5295000</us-gaap:netincomeloss>
INFO:root:ayx-20181231.xml,  <us-gaap:netincomeloss contextref="FD2018Q3QTD_us-gaap_AdjustmentsForNewAccountingPronouncementsAxis_us-gaap_AccountingStandardsUpdate201409Member_us-gaap_InitialApplicationPeriodCumulativeEffectTransitionAxis_us-gaap_DifferenceBetweenRevenueGuidanceInEffectBeforeAndAfterTopic606Member" decimals="-3" id="Fact-BA5B77006716EE1645D23ACC9C09D18A" unitref="usd">11065000</us-gaap:netincomeloss>
INFO:root:ayx-20181231.xml,  <us-gaap:netincomeloss contextref="FD2018Q3QTD_us-gaap_InitialApplicationPeriodCumulativeEffectTransitionAxis_us-gaap_CalculatedUnderRevenueGuidanceInEffectBeforeTopic606Member" decimals="-3" id="Fact-AF3803465F90891565973ACC99629966" unitref="usd">-244000</us-gaap:netincomeloss>
INFO:root:ayx-20181231.xml,  <us-gaap:netincomeloss contextref="FD2018Q4YTD_us-gaap_AdjustmentsForNewAccountingPronouncementsAxis_us-gaap_AccountingStandardsUpdate201409Member_us-gaap_InitialApplicationPeriodCumulativeEffectTransitionAxis_us-gaap_DifferenceBetweenRevenueGuidanceInEffectBeforeAndAfterTopic606Member" decimals="-3" id="Fact-74283B2C163EAAD01967114351703334" unitref="usd">45872000</us-gaap:netincomeloss>
INFO:root:ayx-20181231.xml,  <us-gaap:netincomeloss contextref="FD2018Q4YTD_us-gaap_InitialApplicationPeriodCumulativeEffectTransitionAxis_us-gaap_CalculatedUnderRevenueGuidanceInEffectBeforeTopic606Member" decimals="-3" id="Fact-2110E81CD98F1A84A9941143517882C8" unitref="usd">-17852000</us-gaap:netincomeloss>
INFO:root:ayx-20181231.xml,  <us-gaap:netincomeloss contextref="FD2018Q4YTD_us-gaap_StatementEquityComponentsAxis_us-gaap_RetainedEarningsMember" decimals="-3" id="Fact-C00A8A848306538E983E45B75F22A674" unitref="usd">28020000</us-gaap:netincomeloss>
INFO:root:ayx-20181231.xml,  <us-gaap:revenuefromcontractwithcustomerexcludingassessedtax contextref="FD2016Q4YTD_srt_StatementGeographicalAxis_country_US" decimals="-3" id="Fact-E97BEE7F41750DD76E6D116E908E6783" unitref="usd">69420000</us-gaap:revenuefromcontractwithcustomerexcludingassessedtax>
INFO:root:ayx-20181231.xml,  <us-gaap:revenuefromcontractwithcustomerexcludingassessedtax contextref="FD2016Q4YTD_srt_StatementGeographicalAxis_us-gaap_NonUsMember" decimals="-3" id="Fact-5FC2A4BABADAF9F323D1116E96E8DC62" unitref="usd">16370000</us-gaap:revenuefromcontractwithcustomerexcludingassessedtax>
INFO:root:ayx-20181231.xml,  <us-gaap:revenuefromcontractwithcustomerexcludingassessedtax contextref="FD2017Q4YTD_srt_StatementGeographicalAxis_country_US" decimals="-3" id="Fact-B6EE79FC327860B786E0116E8E6DB59D" unitref="usd">101932000</us-gaap:revenuefromcontractwithcustomerexcludingassessedtax>
INFO:root:ayx-20181231.xml,  <us-gaap:revenuefromcontractwithcustomerexcludingassessedtax contextref="FD2017Q4YTD_srt_StatementGeographicalAxis_us-gaap_NonUsMember" decimals="-3" id="Fact-59E72163FFAD87143202116E94B993F3" unitref="usd">29675000</us-gaap:revenuefromcontractwithcustomerexcludingassessedtax>
INFO:root:ayx-20181231.xml,  <us-gaap:revenuefromcontractwithcustomerexcludingassessedtax contextref="FD2018Q1QTD_us-gaap_AdjustmentsForNewAccountingPronouncementsAxis_us-gaap_AccountingStandardsUpdate201409Member_us-gaap_InitialApplicationPeriodCumulativeEffectTransitionAxis_us-gaap_DifferenceBetweenRevenueGuidanceInEffectBeforeAndAfterTopic606Member" decimals="-3" id="Fact-DECA67C0D9B5E751E4D33AC3B61724C0" unitref="usd">7508000</us-gaap:revenuefromcontractwithcustomerexcludingassessedtax>
INFO:root:ayx-20181231.xml,  <us-gaap:revenuefromcontractwithcustomerexcludingassessedtax contextref="FD2018Q1QTD_us-gaap_InitialApplicationPeriodCumulativeEffectTransitionAxis_us-gaap_CalculatedUnderRevenueGuidanceInEffectBeforeTopic606Member" decimals="-3" id="Fact-698E9E6DA552DF0D2B513AC0EC91D02C" unitref="usd">42821000</us-gaap:revenuefromcontractwithcustomerexcludingassessedtax>
INFO:root:ayx-20181231.xml,  <us-gaap:revenuefromcontractwithcustomerexcludingassessedtax contextref="FD2018Q2QTD_us-gaap_AdjustmentsForNewAccountingPronouncementsAxis_us-gaap_AccountingStandardsUpdate201409Member_us-gaap_InitialApplicationPeriodCumulativeEffectTransitionAxis_us-gaap_DifferenceBetweenRevenueGuidanceInEffectBeforeAndAfterTopic606Member" decimals="-3" id="Fact-08F1231DC5C1DA4C16483ACC0FBA8BCF" unitref="usd">4706000</us-gaap:revenuefromcontractwithcustomerexcludingassessedtax>
INFO:root:ayx-20181231.xml,  <us-gaap:revenuefromcontractwithcustomerexcludingassessedtax contextref="FD2018Q2QTD_us-gaap_InitialApplicationPeriodCumulativeEffectTransitionAxis_us-gaap_CalculatedUnderRevenueGuidanceInEffectBeforeTopic606Member" decimals="-3" id="Fact-13875EDA8CCF508803CD3ACC0D0371DE" unitref="usd">46796000</us-gaap:revenuefromcontractwithcustomerexcludingassessedtax>
INFO:root:ayx-20181231.xml,  <us-gaap:revenuefromcontractwithcustomerexcludingassessedtax contextref="FD2018Q3QTD_us-gaap_AdjustmentsForNewAccountingPronouncementsAxis_us-gaap_AccountingStandardsUpdate201409Member_us-gaap_InitialApplicationPeriodCumulativeEffectTransitionAxis_us-gaap_DifferenceBetweenRevenueGuidanceInEffectBeforeAndAfterTopic606Member" decimals="-3" id="Fact-FDBBB19A491284266BA23ACC863B8811" unitref="usd">8410000</us-gaap:revenuefromcontractwithcustomerexcludingassessedtax>
INFO:root:ayx-20181231.xml,  <us-gaap:revenuefromcontractwithcustomerexcludingassessedtax contextref="FD2018Q3QTD_us-gaap_InitialApplicationPeriodCumulativeEffectTransitionAxis_us-gaap_CalculatedUnderRevenueGuidanceInEffectBeforeTopic606Member" decimals="-3" id="Fact-54BB8FB30DB443C072393ACC83C49943" unitref="usd">54179000</us-gaap:revenuefromcontractwithcustomerexcludingassessedtax>
INFO:root:ayx-20181231.xml,  <us-gaap:revenuefromcontractwithcustomerexcludingassessedtax contextref="FD2018Q4YTD_srt_ProductOrServiceAxis_ayx_MaintenanceAndServicesMember" decimals="-3" id="Fact-73D2A528539695F0B8CA116EA4DDAFE2" unitref="usd">128901000</us-gaap:revenuefromcontractwithcustomerexcludingassessedtax>
INFO:root:ayx-20181231.xml,  <us-gaap:revenuefromcontractwithcustomerexcludingassessedtax contextref="FD2018Q4YTD_srt_ProductOrServiceAxis_ayx_SubscriptionbasedSoftwareLicenseRevenueMember" decimals="-3" id="Fact-1194DBBFA933916F20E5116EA0BA2C49" unitref="usd">124669000</us-gaap:revenuefromcontractwithcustomerexcludingassessedtax>
INFO:root:ayx-20181231.xml,  <us-gaap:revenuefromcontractwithcustomerexcludingassessedtax contextref="FD2018Q4YTD_srt_StatementGeographicalAxis_country_US" decimals="-3" id="Fact-C1C2B8DE444F6FA44390116E8B5E5177" unitref="usd">178774000</us-gaap:revenuefromcontractwithcustomerexcludingassessedtax>
INFO:root:ayx-20181231.xml,  <us-gaap:revenuefromcontractwithcustomerexcludingassessedtax contextref="FD2018Q4YTD_srt_StatementGeographicalAxis_us-gaap_NonUsMember" decimals="-3" id="Fact-E735BC7179CFCE953C16116E91FF46B2" unitref="usd">74796000</us-gaap:revenuefromcontractwithcustomerexcludingassessedtax>
INFO:root:ayx-20181231.xml,  <us-gaap:revenuefromcontractwithcustomerexcludingassessedtax contextref="FD2018Q4YTD_us-gaap_AdjustmentsForNewAccountingPronouncementsAxis_us-gaap_AccountingStandardsUpdate201409Member_us-gaap_InitialApplicationPeriodCumulativeEffectTransitionAxis_us-gaap_DifferenceBetweenRevenueGuidanceInEffectBeforeAndAfterTopic606Member" decimals="-3" id="Fact-B4A390154CABA9DDC28E11405CFFBC14" unitref="usd">49266000</us-gaap:revenuefromcontractwithcustomerexcludingassessedtax>
INFO:root:ayx-20181231.xml,  <us-gaap:revenuefromcontractwithcustomerexcludingassessedtax contextref="FD2018Q4YTD_us-gaap_InitialApplicationPeriodCumulativeEffectTransitionAxis_us-gaap_CalculatedUnderRevenueGuidanceInEffectBeforeTopic606Member" decimals="-3" id="Fact-34E0C5E24E6FBB9F96C311405EF03B15" unitref="usd">204304000</us-gaap:revenuefromcontractwithcustomerexcludingassessedtax>
INFO:root:ayx-20171231.xml,  <us-gaap:netincomeloss contextref="eol_PE1016440-1710-K0015_STD_365_20151231_0_2448914x2447681" decimals="-3" id="id_9990838_532CDF09-ECEA-40A3-ABE6-26A52669C54E_4005_800015" unitref="iso4217_USD">-21450000</us-gaap:netincomeloss>
INFO:root:ayx-20171231.xml,  <us-gaap:revenues contextref="eol_PE1016440-1710-K0015_STD_365_20151231_0_2448915x2443914" decimals="-3" id="id_9990838_1D41EB7A-583E-42E2-B22D-569000E14519_1003_1" unitref="iso4217_USD">7743000</us-gaap:revenues>
INFO:root:ayx-20171231.xml,  <us-gaap:revenues contextref="eol_PE1016440-1710-K0015_STD_365_20151231_0_2448915x2450776" decimals="-3" id="id_9990838_1D41EB7A-583E-42E2-B22D-569000E14519_2003_0" unitref="iso4217_USD">46078000</us-gaap:revenues>
INFO:root:ayx-20171231.xml,  <us-gaap:netincomeloss contextref="eol_PE1016440-1710-K0015_STD_365_20171231_0_2448914x2447681" decimals="-3" id="id_9990838_532CDF09-ECEA-40A3-ABE6-26A52669C54E_10005_800048" unitref="iso4217_USD">-17499000</us-gaap:netincomeloss>
INFO:root:ayx-20171231.xml,  <us-gaap:revenues contextref="eol_PE1016440-1710-K0015_STD_365_20171231_0_2448915x2443914" decimals="-3" id="id_9990838_1D41EB7A-583E-42E2-B22D-569000E14519_1001_1" unitref="iso4217_USD">29675000</us-gaap:revenues>
INFO:root:ayx-20171231.xml,  <us-gaap:revenues contextref="eol_PE1016440-1710-K0015_STD_365_20171231_0_2448915x2450776" decimals="-3" id="id_9990838_1D41EB7A-583E-42E2-B22D-569000E14519_2001_0" unitref="iso4217_USD">101932000</us-gaap:revenues>
INFO:root:ayx-20171231.xml,  <us-gaap:netincomeloss contextref="eol_PE1016440-1710-K0015_STD_366_20161231_0_2448914x2447681" decimals="-3" id="id_9990838_532CDF09-ECEA-40A3-ABE6-26A52669C54E_6005_800029" unitref="iso4217_USD">-24258000</us-gaap:netincomeloss>
INFO:root:ayx-20171231.xml,  <us-gaap:revenues contextref="eol_PE1016440-1710-K0015_STD_366_20161231_0_2448915x2443914" decimals="-3" id="id_9990838_1D41EB7A-583E-42E2-B22D-569000E14519_1002_1" unitref="iso4217_USD">16370000</us-gaap:revenues>
INFO:root:ayx-20171231.xml,  <us-gaap:revenues contextref="eol_PE1016440-1710-K0015_STD_366_20161231_0_2448915x2450776" decimals="-3" id="id_9990838_1D41EB7A-583E-42E2-B22D-569000E14519_2002_0" unitref="iso4217_USD">69420000</us-gaap:revenues>
INFO:root:ayx-20190331.xml,  <us-gaap:netincomeloss contextref="FD2018Q1YTD_us-gaap_StatementEquityComponentsAxis_us-gaap_RetainedEarningsMember" decimals="-3" id="Fact-DCD7E3924CC29201CAE12CAF860DF17D" unitref="usd">4897000</us-gaap:netincomeloss>
INFO:root:ayx-20190331.xml,  <us-gaap:netincomeloss contextref="FD2019Q1YTD_us-gaap_StatementEquityComponentsAxis_us-gaap_RetainedEarningsMember" decimals="-3" id="Fact-F5075BB711A8578B87907C41D5E1377E" unitref="usd">5914000</us-gaap:netincomeloss>
INFO:root:ayx-20190331.xml,  <us-gaap:revenuefromcontractwithcustomerexcludingassessedtax contextref="FD2018Q1YTD_srt_ProductOrServiceAxis_ayx_MaintenanceAndServicesMember" decimals="-3" id="Fact-CDD633506734308D5A23282C33BEE415" unitref="usd">27854000</us-gaap:revenuefromcontractwithcustomerexcludingassessedtax>
INFO:root:ayx-20190331.xml,  <us-gaap:revenuefromcontractwithcustomerexcludingassessedtax contextref="FD2018Q1YTD_srt_ProductOrServiceAxis_ayx_SubscriptionbasedSoftwareLicenseRevenueMember" decimals="-3" id="Fact-5B6C0AC03E1E09BBC94F282C33383CC7" unitref="usd">22475000</us-gaap:revenuefromcontractwithcustomerexcludingassessedtax>
INFO:root:ayx-20190331.xml,  <us-gaap:revenuefromcontractwithcustomerexcludingassessedtax contextref="FD2018Q1YTD_srt_StatementGeographicalAxis_country_US" decimals="-3" id="Fact-B9261517FC9253E58E7CF012F9C5FF1B" unitref="usd">35282000</us-gaap:revenuefromcontractwithcustomerexcludingassessedtax>
INFO:root:ayx-20190331.xml,  <us-gaap:revenuefromcontractwithcustomerexcludingassessedtax contextref="FD2018Q1YTD_srt_StatementGeographicalAxis_us-gaap_NonUsMember" decimals="-3" id="Fact-3155B1FB4B9E5838A1741E1AFFC8F3EA" unitref="usd">15047000</us-gaap:revenuefromcontractwithcustomerexcludingassessedtax>
INFO:root:ayx-20190331.xml,  <us-gaap:revenuefromcontractwithcustomerexcludingassessedtax contextref="FD2019Q1YTD_srt_ProductOrServiceAxis_ayx_MaintenanceAndServicesMember" decimals="-3" id="Fact-F98AE57BA08951C7B6391C1B8E54D89D" unitref="usd">41213000</us-gaap:revenuefromcontractwithcustomerexcludingassessedtax>
INFO:root:ayx-20190331.xml,  <us-gaap:revenuefromcontractwithcustomerexcludingassessedtax contextref="FD2019Q1YTD_srt_ProductOrServiceAxis_ayx_SubscriptionbasedSoftwareLicenseRevenueMember" decimals="-3" id="Fact-FA9D91EF7985527BACA454AA4A5E58BB" unitref="usd">34807000</us-gaap:revenuefromcontractwithcustomerexcludingassessedtax>
INFO:root:ayx-20190331.xml,  <us-gaap:revenuefromcontractwithcustomerexcludingassessedtax contextref="FD2019Q1YTD_srt_StatementGeographicalAxis_country_US" decimals="-3" id="Fact-28D4E1E19A2C53DF92D9D91D7E1F16A2" unitref="usd">52896000</us-gaap:revenuefromcontractwithcustomerexcludingassessedtax>
INFO:root:ayx-20190331.xml,  <us-gaap:revenuefromcontractwithcustomerexcludingassessedtax contextref="FD2019Q1YTD_srt_StatementGeographicalAxis_us-gaap_NonUsMember" decimals="-3" id="Fact-A6813DD089EF53999C3B75BCCD44F398" unitref="usd">23124000</us-gaap:revenuefromcontractwithcustomerexcludingassessedtax>
INFO:root:ayx-20180930.xml,  <us-gaap:earningspersharebasicanddiluted contextref="FD2017Q3YTD" decimals="2" id="Fact-2FC792621F2E5786BA30BBD42262CBC6" unitref="usdPerShare">-0.35</us-gaap:earningspersharebasicanddiluted>
INFO:root:ayx-20180930.xml,  <us-gaap:earningspersharebasicanddiluted contextref="FD2018Q3YTD" decimals="2" id="Fact-369A372E073A5A6086834A107C1A7000" unitref="usdPerShare">-0.18</us-gaap:earningspersharebasicanddiluted>
INFO:root:ayx-20180930.xml,  <us-gaap:netincomeloss contextref="FD2017Q3YTD" decimals="-3" id="Fact-4EC7163F337655B285305A8B38E1F5F8" unitref="usd">-15960000</us-gaap:netincomeloss>
INFO:root:ayx-20180930.xml,  <us-gaap:netincomeloss contextref="FD2018Q3YTD" decimals="-3" id="Fact-F640C8422FD85064916A57BF08116249" unitref="usd">-10725000</us-gaap:netincomeloss>
INFO:root:ayx-20180930.xml,  <us-gaap:netincomeloss contextref="FD2018Q3YTD_us-gaap_StatementEquityComponentsAxis_us-gaap_AccumulatedOtherComprehensiveIncomeMember" decimals="-3" id="Fact-05E4C81F29455436877319870F2E05FF" unitref="usd">0</us-gaap:netincomeloss>
INFO:root:ayx-20180930.xml,  <us-gaap:netincomeloss contextref="FD2018Q3YTD_us-gaap_StatementEquityComponentsAxis_us-gaap_RetainedEarningsMember" decimals="-3" id="Fact-7339260526415B70A40B69DFC4218D0D" unitref="usd">-10725000</us-gaap:netincomeloss>
INFO:root:ayx-20180930.xml,  <us-gaap:revenues contextref="FD2017Q3QTD_srt_StatementGeographicalAxis_country_US" decimals="-3" id="Fact-AD6A6B17FAE9540F89A7BBD0E86763E7" unitref="usd">26290000</us-gaap:revenues>
INFO:root:ayx-20180930.xml,  <us-gaap:revenues contextref="FD2017Q3QTD_srt_StatementGeographicalAxis_us-gaap_NonUsMember" decimals="-3" id="Fact-B509962ADC215E98B9EF503267564149" unitref="usd">7865000</us-gaap:revenues>
INFO:root:ayx-20180930.xml,  <us-gaap:revenues contextref="FD2017Q3YTD" decimals="-3" id="Fact-38858F4743B15E1E9767CC9A568C6249" unitref="usd">93019000</us-gaap:revenues>
INFO:root:ayx-20180930.xml,  <us-gaap:revenues contextref="FD2017Q3YTD_srt_StatementGeographicalAxis_country_US" decimals="-3" id="Fact-B6F353D93C545EDAB4A1BB91D52DDE40" unitref="usd">72582000</us-gaap:revenues>
INFO:root:ayx-20180930.xml,  <us-gaap:revenues contextref="FD2017Q3YTD_srt_StatementGeographicalAxis_us-gaap_NonUsMember" decimals="-3" id="Fact-7A0ECCF5316D5E36B8C62D4FF9FBBB7C" unitref="usd">20437000</us-gaap:revenues>
INFO:root:ayx-20180930.xml,  <us-gaap:revenues contextref="FD2018Q3QTD_srt_StatementGeographicalAxis_country_US" decimals="-3" id="Fact-F2EF4BAACFCB5C51A6233ABD839E8EE0" unitref="usd">38527000</us-gaap:revenues>
INFO:root:ayx-20180930.xml,  <us-gaap:revenues contextref="FD2018Q3QTD_srt_StatementGeographicalAxis_us-gaap_NonUsMember" decimals="-3" id="Fact-42C11CA163C558159C834B09F5691C0C" unitref="usd">15652000</us-gaap:revenues>
INFO:root:ayx-20180930.xml,  <us-gaap:revenues contextref="FD2018Q3YTD" decimals="-3" id="Fact-6E98EAD6E37851FA816E03E86B27FA61" unitref="usd">143796000</us-gaap:revenues>
INFO:root:ayx-20180930.xml,  <us-gaap:revenues contextref="FD2018Q3YTD_srt_StatementGeographicalAxis_country_US" decimals="-3" id="Fact-4EA19E74F405595A8C273F90D7C0DA5D" unitref="usd">103477000</us-gaap:revenues>
INFO:root:ayx-20180930.xml,  <us-gaap:revenues contextref="FD2018Q3YTD_srt_StatementGeographicalAxis_us-gaap_NonUsMember" decimals="-3" id="Fact-0FBDA7ABAF8C557BB9F066203EE055E4" unitref="usd">40319000</us-gaap:revenues>
INFO:root:ayx-20180630.xml,  <us-gaap:earningspersharebasicanddiluted contextref="FD2017Q2YTD" decimals="2" id="Fact-47C96F40FC0767316DA694D77AF977E4" unitref="usdPerShare">-0.31</us-gaap:earningspersharebasicanddiluted>
INFO:root:ayx-20180630.xml,  <us-gaap:earningspersharebasicanddiluted contextref="FD2018Q2YTD" decimals="2" id="Fact-38F75006733A2013F33294D77ADC302B" unitref="usdPerShare">-0.17</us-gaap:earningspersharebasicanddiluted>
INFO:root:ayx-20180630.xml,  <us-gaap:netincomeloss contextref="FD2017Q2YTD" decimals="-3" id="Fact-F12ADF868046AFF0B93F94D77B008783" unitref="usd">-12661000</us-gaap:netincomeloss>
INFO:root:ayx-20180630.xml,  <us-gaap:netincomeloss contextref="FD2018Q2YTD" decimals="-3" id="Fact-1CA9D75DF407F9F84AC094D77AD65A7D" unitref="usd">-10481000</us-gaap:netincomeloss>
INFO:root:ayx-20180630.xml,  <us-gaap:netincomeloss contextref="FD2018Q2YTD_us-gaap_StatementEquityComponentsAxis_us-gaap_AccumulatedOtherComprehensiveIncomeMember" decimals="-3" id="Fact-6005C81088C175B30C661B435D976761" unitref="usd">0</us-gaap:netincomeloss>
INFO:root:ayx-20180630.xml,  <us-gaap:netincomeloss contextref="FD2018Q2YTD_us-gaap_StatementEquityComponentsAxis_us-gaap_RetainedEarningsMember" decimals="-3" id="Fact-9167E9ECFF538D53500C94D77B0D54BB" unitref="usd">-10481000</us-gaap:netincomeloss>
INFO:root:ayx-20180630.xml,  <us-gaap:revenues contextref="FD2017Q2QTD_srt_StatementGeographicalAxis_country_US" decimals="-3" id="Fact-9B926323EDB03B82DF7194D77AE20CD7" unitref="usd">23701000</us-gaap:revenues>
INFO:root:ayx-20180630.xml,  <us-gaap:revenues contextref="FD2017Q2QTD_srt_StatementGeographicalAxis_us-gaap_NonUsMember" decimals="-3" id="Fact-F371B910232A50A190B194D77AEFF768" unitref="usd">6618000</us-gaap:revenues>
INFO:root:ayx-20180630.xml,  <us-gaap:revenues contextref="FD2017Q2YTD" decimals="-3" id="Fact-69209C4D203A81D4B19194D77AFADF22" unitref="usd">58864000</us-gaap:revenues>
INFO:root:ayx-20180630.xml,  <us-gaap:revenues contextref="FD2017Q2YTD_srt_StatementGeographicalAxis_country_US" decimals="-3" id="Fact-44C4CD8A4159DCF6374394D77AE74B93" unitref="usd">46293000</us-gaap:revenues>
INFO:root:ayx-20180630.xml,  <us-gaap:revenues contextref="FD2017Q2YTD_srt_StatementGeographicalAxis_us-gaap_NonUsMember" decimals="-3" id="Fact-6A9706F037D08E4077E394D77AF0B81E" unitref="usd">12571000</us-gaap:revenues>
INFO:root:ayx-20180630.xml,  <us-gaap:revenues contextref="FD2018Q2QTD_srt_StatementGeographicalAxis_country_US" decimals="-3" id="Fact-0958705A9D7FA0B764AD94D77AEEBBF1" unitref="usd">33530000</us-gaap:revenues>
INFO:root:ayx-20180630.xml,  <us-gaap:revenues contextref="FD2018Q2QTD_srt_StatementGeographicalAxis_us-gaap_NonUsMember" decimals="-3" id="Fact-4509BD49FC1A15EE87AF94D77AE70E6D" unitref="usd">13266000</us-gaap:revenues>
INFO:root:ayx-20180630.xml,  <us-gaap:revenues contextref="FD2018Q2YTD" decimals="-3" id="Fact-77075B32CE5536A8FF2994D77AFE4817" unitref="usd">89617000</us-gaap:revenues>
INFO:root:ayx-20180630.xml,  <us-gaap:revenues contextref="FD2018Q2YTD_srt_StatementGeographicalAxis_country_US" decimals="-3" id="Fact-F7548754680D098BFBC594D77AF3B837" unitref="usd">64951000</us-gaap:revenues>
INFO:root:ayx-20180630.xml,  <us-gaap:revenues contextref="FD2018Q2YTD_srt_StatementGeographicalAxis_us-gaap_NonUsMember" decimals="-3" id="Fact-0B672D3B7A5447AAB13A94D77AED737D" unitref="usd">24666000</us-gaap:revenues>
INFO:root:ayx-20170930.xml,  <us-gaap:earningspersharebasicanddiluted contextref="eol_PE1016440-1710-Q0012_STD_273_20170930_0" decimals="2" id="id_9522648_1AB57903-7FC1-44C6-9FE1-C0E6D1804596_3_15" unitref="iso4217_USD_per_shares">-0.35</us-gaap:earningspersharebasicanddiluted>
INFO:root:ayx-20170930.xml,  <us-gaap:earningspersharebasicanddiluted contextref="eol_PE1016440-1710-Q0012_STD_274_20160930_0" decimals="2" id="id_9522648_1AB57903-7FC1-44C6-9FE1-C0E6D1804596_4_15" unitref="iso4217_USD_per_shares">-0.70</us-gaap:earningspersharebasicanddiluted>
INFO:root:ayx-20170930.xml,  <us-gaap:earningspersharebasicanddiluted contextref="eol_PE1016440-1710-Q0012_STD_274_20160930_0_2449305x2447520" decimals="2" id="id_9522648_77804566-386E-4C49-BF0E-E421C35276B1_3_600005" unitref="iso4217_USD_per_shares">0.04</us-gaap:earningspersharebasicanddiluted>
INFO:root:ayx-20170930.xml,  <us-gaap:earningspersharebasicanddiluted contextref="eol_PE1016440-1710-Q0012_STD_274_20160930_0_2449305x2448174" decimals="2" id="id_9522648_77804566-386E-4C49-BF0E-E421C35276B1_1_400005" unitref="iso4217_USD_per_shares">-0.66</us-gaap:earningspersharebasicanddiluted>
INFO:root:ayx-20170930.xml,  <us-gaap:netincomeloss contextref="eol_PE1016440-1710-Q0012_STD_273_20170930_0" decimals="-3" id="id_9522648_1AB57903-7FC1-44C6-9FE1-C0E6D1804596_3_12" unitref="iso4217_USD">-15960000</us-gaap:netincomeloss>
INFO:root:ayx-20170930.xml,  <us-gaap:revenues contextref="eol_PE1016440-1710-Q0012_STD_273_20170930_0" decimals="-3" id="id_9522648_1AB57903-7FC1-44C6-9FE1-C0E6D1804596_3_0" unitref="iso4217_USD">93019000</us-gaap:revenues>
INFO:root:ayx-20170930.xml,  <us-gaap:netincomeloss contextref="eol_PE1016440-1710-Q0012_STD_273_20170930_0_2448914x2447681" decimals="-3" id="id_9522648_295A83B3-6764-4040-989C-390446E8371D_5004_700018" unitref="iso4217_USD">-15960000</us-gaap:netincomeloss>
INFO:root:ayx-20170930.xml,  <us-gaap:revenues contextref="eol_PE1016440-1710-Q0012_STD_273_20170930_0_2448915x2443914" decimals="-3" id="id_9522648_A5ACCFA3-4EE4-4FD7-8DE4-0E770744BB80_1003_1" unitref="iso4217_USD">20437000</us-gaap:revenues>
INFO:root:ayx-20170930.xml,  <us-gaap:revenues contextref="eol_PE1016440-1710-Q0012_STD_273_20170930_0_2448915x2450776" decimals="-3" id="id_9522648_A5ACCFA3-4EE4-4FD7-8DE4-0E770744BB80_2003_0" unitref="iso4217_USD">72582000</us-gaap:revenues>
INFO:root:ayx-20170930.xml,  <us-gaap:netincomeloss contextref="eol_PE1016440-1710-Q0012_STD_274_20160930_0" decimals="-3" id="id_9522648_1AB57903-7FC1-44C6-9FE1-C0E6D1804596_4_12" unitref="iso4217_USD">-18181000</us-gaap:netincomeloss>
INFO:root:ayx-20170930.xml,  <us-gaap:revenues contextref="eol_PE1016440-1710-Q0012_STD_274_20160930_0" decimals="-3" id="id_9522648_1AB57903-7FC1-44C6-9FE1-C0E6D1804596_4_0" unitref="iso4217_USD">60828000</us-gaap:revenues>
INFO:root:ayx-20170930.xml,  <us-gaap:revenues contextref="eol_PE1016440-1710-Q0012_STD_274_20160930_0_2448915x2443914" decimals="-3" id="id_9522648_A5ACCFA3-4EE4-4FD7-8DE4-0E770744BB80_1004_1" unitref="iso4217_USD">11196000</us-gaap:revenues>
INFO:root:ayx-20170930.xml,  <us-gaap:revenues contextref="eol_PE1016440-1710-Q0012_STD_274_20160930_0_2448915x2450776" decimals="-3" id="id_9522648_A5ACCFA3-4EE4-4FD7-8DE4-0E770744BB80_2004_0" unitref="iso4217_USD">49632000</us-gaap:revenues>
INFO:root:ayx-20170930.xml,  <us-gaap:netincomeloss contextref="eol_PE1016440-1710-Q0012_STD_274_20160930_0_2449305x2447520" decimals="-5" id="id_9522648_1EACBAFD-C65D-4E82-9270-981DCFA7D5A3_1002_2" unitref="iso4217_USD">-1100000</us-gaap:netincomeloss>
INFO:root:ayx-20170930.xml,  <us-gaap:netincomeloss contextref="eol_PE1016440-1710-Q0012_STD_274_20160930_0_2449305x2448174" decimals="-5" id="id_9522648_77804566-386E-4C49-BF0E-E421C35276B1_1_400003" unitref="iso4217_USD">-17100000</us-gaap:netincomeloss>
INFO:root:ayx-20170630.xml,  <us-gaap:earningspersharebasicanddiluted contextref="eol_PE1016440-1710-Q0006_STD_181_20170630_0" decimals="2" id="id_9090518_F42759FA-203F-494A-88FB-C43DC3B1623D_3_15" unitref="iso4217_USD_per_shares">-0.31</us-gaap:earningspersharebasicanddiluted>
INFO:root:ayx-20170630.xml,  <us-gaap:earningspersharebasicanddiluted contextref="eol_PE1016440-1710-Q0006_STD_182_20160630_0" decimals="2" id="id_9090518_F42759FA-203F-494A-88FB-C43DC3B1623D_4_15" unitref="iso4217_USD_per_shares">-0.52</us-gaap:earningspersharebasicanddiluted>
INFO:root:ayx-20170630.xml,  <us-gaap:netincomeloss contextref="eol_PE1016440-1710-Q0006_STD_181_20170630_0" decimals="-3" id="id_9090518_F42759FA-203F-494A-88FB-C43DC3B1623D_3_12" unitref="iso4217_USD">-12661000</us-gaap:netincomeloss>
INFO:root:ayx-20170630.xml,  <us-gaap:revenues contextref="eol_PE1016440-1710-Q0006_STD_181_20170630_0" decimals="-3" id="id_9090518_F42759FA-203F-494A-88FB-C43DC3B1623D_3_0" unitref="iso4217_USD">58864000</us-gaap:revenues>
INFO:root:ayx-20170630.xml,  <us-gaap:netincomeloss contextref="eol_PE1016440-1710-Q0006_STD_181_20170630_0_2448914x2447681" decimals="-3" id="id_9090518_973562DE-442D-40C8-A108-EF12F95545E3_5004_16" unitref="iso4217_USD">-12661000</us-gaap:netincomeloss>
INFO:root:ayx-20170630.xml,  <us-gaap:revenues contextref="eol_PE1016440-1710-Q0006_STD_181_20170630_0_2448915x2443914" decimals="-3" id="id_9090518_1D44B794-D066-4F06-9840-28314A4FAC72_1003_1" unitref="iso4217_USD">12571000</us-gaap:revenues>
INFO:root:ayx-20170630.xml,  <us-gaap:revenues contextref="eol_PE1016440-1710-Q0006_STD_181_20170630_0_2448915x2450776" decimals="-3" id="id_9090518_1D44B794-D066-4F06-9840-28314A4FAC72_2003_0" unitref="iso4217_USD">46293000</us-gaap:revenues>
INFO:root:ayx-20170630.xml,  <us-gaap:netincomeloss contextref="eol_PE1016440-1710-Q0006_STD_182_20160630_0" decimals="-3" id="id_9090518_F42759FA-203F-494A-88FB-C43DC3B1623D_4_12" unitref="iso4217_USD">-13989000</us-gaap:netincomeloss>
INFO:root:ayx-20170630.xml,  <us-gaap:revenues contextref="eol_PE1016440-1710-Q0006_STD_182_20160630_0" decimals="-3" id="id_9090518_F42759FA-203F-494A-88FB-C43DC3B1623D_4_0" unitref="iso4217_USD">38366000</us-gaap:revenues>
INFO:root:ayx-20170630.xml,  <us-gaap:revenues contextref="eol_PE1016440-1710-Q0006_STD_182_20160630_0_2448915x2443914" decimals="-3" id="id_9090518_1D44B794-D066-4F06-9840-28314A4FAC72_1004_1" unitref="iso4217_USD">6892000</us-gaap:revenues>
INFO:root:ayx-20170630.xml,  <us-gaap:revenues contextref="eol_PE1016440-1710-Q0006_STD_182_20160630_0_2448915x2450776" decimals="-3" id="id_9090518_1D44B794-D066-4F06-9840-28314A4FAC72_2004_0" unitref="iso4217_USD">31474000</us-gaap:revenues>
INFO:root:ayx-20170630.xml,  <us-gaap:netincomeloss contextref="eol_PE1016440-1710-Q0006_STD_182_20160630_0_2449305x2447520" decimals="-5" id="id_9090518_383EA75C-3706-494C-82FB-50E9796164DB_1002_2" unitref="iso4217_USD">-800000</us-gaap:netincomeloss>
INFO:root:AYX: 2019-12-07 00:00:00 - 2019-12-20 00:00:00
INFO:root:2019-12-19 23:31:22.777000
INFO:root:2019-12-24
INFO:root:AYX: 2019-12-21 00:00:00 - 2019-12-23 00:00:00
INFO:root:2019-12-22 16:31:16.997000
INFO:root:2019-12-24
INFO:root:2019-12-26
INFO:root:AYX: 2019-12-24 00:00:00 - 2019-12-25 00:00:00
INFO:root:2019-12-24 14:59:54.272000
INFO:root:2019-12-27
INFO:root:TTD: 2019-12-07 00:00:00 - 2019-12-26 00:00:00
INFO:root:2019-12-25 12:25:53.289000
INFO:root:2019-12-27
INFO:root:TTD: 2019-12-27 00:00:00 - 2019-12-26 00:00:00
INFO:root:2019-12-25 12:31:27.531000
INFO:root:2019-12-27
INFO:root:MSFT: 2019-12-07 00:00:00 - 2019-12-26 00:00:00
INFO:root:2019-12-25 12:39:34.312000
INFO:root:2019-12-27
INFO:root:MA: 2019-12-07 00:00:00 - 2019-12-26 00:00:00
INFO:root:2019-12-25 13:16:12.112000
INFO:root:2019-12-27
INFO:root:PAYC: 2019-12-07 00:00:00 - 2019-12-26 00:00:00
INFO:root:2019-12-25 13:23:25.162000
INFO:root:2019-12-27
INFO:root:EVBG: 2019-12-07 00:00:00 - 2019-12-26 00:00:00
INFO:root:2019-12-25 14:55:46.332000
INFO:root:2019-12-27
INFO:root:EVBG: 2019-12-27 00:00:00 - 2019-12-26 00:00:00
INFO:root:2019-12-25 16:36:02.107000
INFO:root:2019-12-27
INFO:root:EVBG: 2019-12-27 00:00:00 - 2019-12-26 00:00:00
INFO:root:2019-12-25 16:40:15.597000
INFO:root:2019-12-27
INFO:root:SHOP: 2019-12-07 00:00:00 - 2019-12-26 00:00:00
INFO:root:2019-12-25 16:41:43.872000
INFO:root:2020-01-03
INFO:root:GOOGL: 2019-12-28 00:00:00 - 2020-01-02 00:00:00
INFO:root:2020-01-01 11:32:33.957000
INFO:root:2020-01-03
INFO:root:MSFT: 2019-12-27 00:00:00 - 2020-01-02 00:00:00
INFO:root:2020-01-01 11:42:15.280000
INFO:root:2020-01-10
INFO:root:TCEHY - No CIK
INFO:root:TCEHY: 2020-01-11 00:00:00 - 2020-01-09 00:00:00
INFO:root:2020-01-08 22:12:30.564601
INFO:root:TCEHY
INFO:root:'NoneType' object is not subscriptable
